Archive member included to satisfy reference by file (symbol)

/home/rob/STM32Cube/Repository/STM32Cube_FW_F1_V1.8.4/Drivers/CMSIS/Lib/GCC/libarm_cortexM3l_math.a(arm_sqrt_q31.o)
                              ./Core/Src/motion.o (arm_sqrt_q31)
/home/rob/STM32Cube/Repository/STM32Cube_FW_F1_V1.8.4/Drivers/CMSIS/Lib/GCC/libarm_cortexM3l_math.a(arm_cos_q31.o)
                              ./Core/Src/motion.o (arm_cos_q31)
/home/rob/STM32Cube/Repository/STM32Cube_FW_F1_V1.8.4/Drivers/CMSIS/Lib/GCC/libarm_cortexM3l_math.a(arm_cos_f32.o)
                              ./Core/Src/motion.o (arm_cos_f32)
/home/rob/STM32Cube/Repository/STM32Cube_FW_F1_V1.8.4/Drivers/CMSIS/Lib/GCC/libarm_cortexM3l_math.a(arm_common_tables.o)
                              /home/rob/STM32Cube/Repository/STM32Cube_FW_F1_V1.8.4/Drivers/CMSIS/Lib/GCC/libarm_cortexM3l_math.a(arm_cos_q31.o) (sinTable_q31)
/opt/st/stm32cubeide_1.11.0/plugins/com.st.stm32cube.ide.mcu.externaltools.gnu-tools-for-stm32.10.3-2021.10.linux64_1.0.100.202210260954/tools/bin/../lib/gcc/arm-none-eabi/10.3.1/../../../../arm-none-eabi/lib/thumb/v7-m/nofp/libc_nano.a(lib_a-errno.o)
                              ./Core/Src/syscalls.o (__errno)
/opt/st/stm32cubeide_1.11.0/plugins/com.st.stm32cube.ide.mcu.externaltools.gnu-tools-for-stm32.10.3-2021.10.linux64_1.0.100.202210260954/tools/bin/../lib/gcc/arm-none-eabi/10.3.1/../../../../arm-none-eabi/lib/thumb/v7-m/nofp/libc_nano.a(lib_a-exit.o)
                              /opt/st/stm32cubeide_1.11.0/plugins/com.st.stm32cube.ide.mcu.externaltools.gnu-tools-for-stm32.10.3-2021.10.linux64_1.0.100.202210260954/tools/bin/../lib/gcc/arm-none-eabi/10.3.1/../../../../arm-none-eabi/lib/thumb/v7-m/nofp/crt0.o (exit)
/opt/st/stm32cubeide_1.11.0/plugins/com.st.stm32cube.ide.mcu.externaltools.gnu-tools-for-stm32.10.3-2021.10.linux64_1.0.100.202210260954/tools/bin/../lib/gcc/arm-none-eabi/10.3.1/../../../../arm-none-eabi/lib/thumb/v7-m/nofp/libc_nano.a(lib_a-impure.o)
                              /opt/st/stm32cubeide_1.11.0/plugins/com.st.stm32cube.ide.mcu.externaltools.gnu-tools-for-stm32.10.3-2021.10.linux64_1.0.100.202210260954/tools/bin/../lib/gcc/arm-none-eabi/10.3.1/../../../../arm-none-eabi/lib/thumb/v7-m/nofp/libc_nano.a(lib_a-exit.o) (_global_impure_ptr)
/opt/st/stm32cubeide_1.11.0/plugins/com.st.stm32cube.ide.mcu.externaltools.gnu-tools-for-stm32.10.3-2021.10.linux64_1.0.100.202210260954/tools/bin/../lib/gcc/arm-none-eabi/10.3.1/../../../../arm-none-eabi/lib/thumb/v7-m/nofp/libc_nano.a(lib_a-init.o)
                              /opt/st/stm32cubeide_1.11.0/plugins/com.st.stm32cube.ide.mcu.externaltools.gnu-tools-for-stm32.10.3-2021.10.linux64_1.0.100.202210260954/tools/bin/../lib/gcc/arm-none-eabi/10.3.1/../../../../arm-none-eabi/lib/thumb/v7-m/nofp/crt0.o (__libc_init_array)
/opt/st/stm32cubeide_1.11.0/plugins/com.st.stm32cube.ide.mcu.externaltools.gnu-tools-for-stm32.10.3-2021.10.linux64_1.0.100.202210260954/tools/bin/../lib/gcc/arm-none-eabi/10.3.1/../../../../arm-none-eabi/lib/thumb/v7-m/nofp/libc_nano.a(lib_a-malloc.o)
                              ./Core/Src/motion.o (malloc)
/opt/st/stm32cubeide_1.11.0/plugins/com.st.stm32cube.ide.mcu.externaltools.gnu-tools-for-stm32.10.3-2021.10.linux64_1.0.100.202210260954/tools/bin/../lib/gcc/arm-none-eabi/10.3.1/../../../../arm-none-eabi/lib/thumb/v7-m/nofp/libc_nano.a(lib_a-memset.o)
                              /opt/st/stm32cubeide_1.11.0/plugins/com.st.stm32cube.ide.mcu.externaltools.gnu-tools-for-stm32.10.3-2021.10.linux64_1.0.100.202210260954/tools/bin/../lib/gcc/arm-none-eabi/10.3.1/../../../../arm-none-eabi/lib/thumb/v7-m/nofp/crt0.o (memset)
/opt/st/stm32cubeide_1.11.0/plugins/com.st.stm32cube.ide.mcu.externaltools.gnu-tools-for-stm32.10.3-2021.10.linux64_1.0.100.202210260954/tools/bin/../lib/gcc/arm-none-eabi/10.3.1/../../../../arm-none-eabi/lib/thumb/v7-m/nofp/libc_nano.a(lib_a-nano-freer.o)
                              /opt/st/stm32cubeide_1.11.0/plugins/com.st.stm32cube.ide.mcu.externaltools.gnu-tools-for-stm32.10.3-2021.10.linux64_1.0.100.202210260954/tools/bin/../lib/gcc/arm-none-eabi/10.3.1/../../../../arm-none-eabi/lib/thumb/v7-m/nofp/libc_nano.a(lib_a-malloc.o) (_free_r)
/opt/st/stm32cubeide_1.11.0/plugins/com.st.stm32cube.ide.mcu.externaltools.gnu-tools-for-stm32.10.3-2021.10.linux64_1.0.100.202210260954/tools/bin/../lib/gcc/arm-none-eabi/10.3.1/../../../../arm-none-eabi/lib/thumb/v7-m/nofp/libc_nano.a(lib_a-nano-mallocr.o)
                              /opt/st/stm32cubeide_1.11.0/plugins/com.st.stm32cube.ide.mcu.externaltools.gnu-tools-for-stm32.10.3-2021.10.linux64_1.0.100.202210260954/tools/bin/../lib/gcc/arm-none-eabi/10.3.1/../../../../arm-none-eabi/lib/thumb/v7-m/nofp/libc_nano.a(lib_a-malloc.o) (_malloc_r)
/opt/st/stm32cubeide_1.11.0/plugins/com.st.stm32cube.ide.mcu.externaltools.gnu-tools-for-stm32.10.3-2021.10.linux64_1.0.100.202210260954/tools/bin/../lib/gcc/arm-none-eabi/10.3.1/../../../../arm-none-eabi/lib/thumb/v7-m/nofp/libc_nano.a(lib_a-printf.o)
[...]
Memory Configuration

Name             Origin             Length             Attributes
RAM              0x0000000020000000 0x0000000000005000 xrw
FLASH            0x0000000008000000 0x0000000000020000 xr
*default*        0x0000000000000000 0xffffffffffffffff

Linker script and memory map

LOAD /opt/st/stm32cubeide_1.11.0/plugins/com.st.stm32cube.ide.mcu.externaltools.gnu-tools-for-stm32.10.3-2021.10.linux64_1.0.100.202210260954/tools/bin/../lib/gcc/arm-none-eabi/10.3.1/thumb/v7-m/nofp/crti.o
LOAD /opt/st/stm32cubeide_1.11.0/plugins/com.st.stm32cube.ide.mcu.externaltools.gnu-tools-for-stm32.10.3-2021.10.linux64_1.0.100.202210260954/tools/bin/../lib/gcc/arm-none-eabi/10.3.1/thumb/v7-m/nofp/crtbegin.o
LOAD /opt/st/stm32cubeide_1.11.0/plugins/com.st.stm32cube.ide.mcu.externaltools.gnu-tools-for-stm32.10.3-2021.10.linux64_1.0.100.202210260954/tools/bin/../lib/gcc/arm-none-eabi/10.3.1/../../../../arm-none-eabi/lib/thumb/v7-m/nofp/crt0.o
LOAD ./Core/Src/main.o
LOAD ./Core/Src/maths.o
LOAD ./Core/Src/motion.o
LOAD ./Core/Src/stm32f1xx_hal_msp.o
LOAD ./Core/Src/stm32f1xx_it.o
LOAD ./Core/Src/syscalls.o
LOAD ./Core/Src/sysmem.o
LOAD ./Core/Src/system_stm32f1xx.o
LOAD ./Core/Startup/startup_stm32f103rbtx.o
LOAD ./Drivers/STM32F1xx_HAL_Driver/Src/stm32f1xx_hal.o
LOAD ./Drivers/STM32F1xx_HAL_Driver/Src/stm32f1xx_hal_cortex.o
LOAD ./Drivers/STM32F1xx_HAL_Driver/Src/stm32f1xx_hal_dma.o
LOAD ./Drivers/STM32F1xx_HAL_Driver/Src/stm32f1xx_hal_exti.o
LOAD ./Drivers/STM32F1xx_HAL_Driver/Src/stm32f1xx_hal_flash.o
LOAD ./Drivers/STM32F1xx_HAL_Driver/Src/stm32f1xx_hal_flash_ex.o
LOAD ./Drivers/STM32F1xx_HAL_Driver/Src/stm32f1xx_hal_gpio.o
LOAD ./Drivers/STM32F1xx_HAL_Driver/Src/stm32f1xx_hal_gpio_ex.o
LOAD ./Drivers/STM32F1xx_HAL_Driver/Src/stm32f1xx_hal_pcd.o
LOAD ./Drivers/STM32F1xx_HAL_Driver/Src/stm32f1xx_hal_pcd_ex.o
LOAD ./Drivers/STM32F1xx_HAL_Driver/Src/stm32f1xx_hal_pwr.o
LOAD ./Drivers/STM32F1xx_HAL_Driver/Src/stm32f1xx_hal_rcc.o
LOAD ./Drivers/STM32F1xx_HAL_Driver/Src/stm32f1xx_hal_rcc_ex.o
LOAD ./Drivers/STM32F1xx_HAL_Driver/Src/stm32f1xx_hal_tim.o
LOAD ./Drivers/STM32F1xx_HAL_Driver/Src/stm32f1xx_hal_tim_ex.o
LOAD ./Drivers/STM32F1xx_HAL_Driver/Src/stm32f1xx_ll_usb.o
LOAD ./Middlewares/ST/STM32_USB_Device_Library/Class/CDC/Src/usbd_cdc.o
LOAD ./Middlewares/ST/STM32_USB_Device_Library/Core/Src/usbd_core.o
LOAD ./Middlewares/ST/STM32_USB_Device_Library/Core/Src/usbd_ctlreq.o
LOAD ./Middlewares/ST/STM32_USB_Device_Library/Core/Src/usbd_ioreq.o
LOAD ./USB_DEVICE/App/usb_device.o
LOAD ./USB_DEVICE/App/usbd_cdc_if.o
LOAD ./USB_DEVICE/App/usbd_desc.o
LOAD ./USB_DEVICE/Target/usbd_conf.o
LOAD /home/rob/STM32Cube/Repository/STM32Cube_FW_F1_V1.8.4/Drivers/CMSIS/Lib/GCC/libarm_cortexM3l_math.a
START GROUP
LOAD /opt/st/stm32cubeide_1.11.0/plugins/com.st.stm32cube.ide.mcu.externaltools.gnu-tools-for-stm32.10.3-2021.10.linux64_1.0.100.202210260954/tools/bin/../lib/gcc/arm-none-eabi/10.3.1/../../../../arm-none-eabi/lib/thumb/v7-m/nofp/libc_nano.a
LOAD /opt/st/stm32cubeide_1.11.0/plugins/com.st.stm32cube.ide.mcu.externaltools.gnu-tools-for-stm32.10.3-2021.10.linux64_1.0.100.202210260954/tools/bin/../lib/gcc/arm-none-eabi/10.3.1/../../../../arm-none-eabi/lib/thumb/v7-m/nofp/libm.a
END GROUP
START GROUP
LOAD /opt/st/stm32cubeide_1.11.0/plugins/com.st.stm32cube.ide.mcu.externaltools.gnu-tools-for-stm32.10.3-2021.10.linux64_1.0.100.202210260954/tools/bin/../lib/gcc/arm-none-eabi/10.3.1/thumb/v7-m/nofp/libgcc.a
LOAD /opt/st/stm32cubeide_1.11.0/plugins/com.st.stm32cube.ide.mcu.externaltools.gnu-tools-for-stm32.10.3-2021.10.linux64_1.0.100.202210260954/tools/bin/../lib/gcc/arm-none-eabi/10.3.1/../../../../arm-none-eabi/lib/thumb/v7-m/nofp/libc_nano.a
END GROUP
START GROUP
LOAD /opt/st/stm32cubeide_1.11.0/plugins/com.st.stm32cube.ide.mcu.externaltools.gnu-tools-for-stm32.10.3-2021.10.linux64_1.0.100.202210260954/tools/bin/../lib/gcc/arm-none-eabi/10.3.1/thumb/v7-m/nofp/libgcc.a
LOAD /opt/st/stm32cubeide_1.11.0/plugins/com.st.stm32cube.ide.mcu.externaltools.gnu-tools-for-stm32.10.3-2021.10.linux64_1.0.100.202210260954/tools/bin/../lib/gcc/arm-none-eabi/10.3.1/../../../../arm-none-eabi/lib/thumb/v7-m/nofp/libc_nano.a
LOAD /opt/st/stm32cubeide_1.11.0/plugins/com.st.stm32cube.ide.mcu.externaltools.gnu-tools-for-stm32.10.3-2021.10.linux64_1.0.100.202210260954/tools/bin/../lib/gcc/arm-none-eabi/10.3.1/../../../../arm-none-eabi/lib/thumb/v7-m/nofp/libnosys.a
END GROUP
START GROUP
LOAD /opt/st/stm32cubeide_1.11.0/plugins/com.st.stm32cube.ide.mcu.externaltools.gnu-tools-for-stm32.10.3-2021.10.linux64_1.0.100.202210260954/tools/bin/../lib/gcc/arm-none-eabi/10.3.1/thumb/v7-m/nofp/libgcc.a
LOAD /opt/st/stm32cubeide_1.11.0/plugins/com.st.stm32cube.ide.mcu.externaltools.gnu-tools-for-stm32.10.3-2021.10.linux64_1.0.100.202210260954/tools/bin/../lib/gcc/arm-none-eabi/10.3.1/../../../../arm-none-eabi/lib/thumb/v7-m/nofp/libc_nano.a
LOAD /opt/st/stm32cubeide_1.11.0/plugins/com.st.stm32cube.ide.mcu.externaltools.gnu-tools-for-stm32.10.3-2021.10.linux64_1.0.100.202210260954/tools/bin/../lib/gcc/arm-none-eabi/10.3.1/../../../../arm-none-eabi/lib/thumb/v7-m/nofp/libnosys.a
END GROUP
LOAD /opt/st/stm32cubeide_1.11.0/plugins/com.st.stm32cube.ide.mcu.externaltools.gnu-tools-for-stm32.10.3-2021.10.linux64_1.0.100.202210260954/tools/bin/../lib/gcc/arm-none-eabi/10.3.1/thumb/v7-m/nofp/crtend.o
LOAD /opt/st/stm32cubeide_1.11.0/plugins/com.st.stm32cube.ide.mcu.externaltools.gnu-tools-for-stm32.10.3-2021.10.linux64_1.0.100.202210260954/tools/bin/../lib/gcc/arm-none-eabi/10.3.1/thumb/v7-m/nofp/crtn.o
                0x0000000020005000                _estack = (ORIGIN (RAM) + LENGTH (RAM))
                0x0000000000000200                _Min_Heap_Size = 0x200
                0x0000000000000400                _Min_Stack_Size = 0x400

.isr_vector     0x0000000008000000      0x10c
                0x0000000008000000                . = ALIGN (0x4)
 *(.isr_vector)
 .isr_vector    0x0000000008000000      0x10c ./Core/Startup/startup_stm32f103rbtx.o
                0x0000000008000000                g_pfnVectors
                0x000000000800010c                . = ALIGN (0x4)

.text           0x000000000800010c     0xa4fc
                0x000000000800010c                . = ALIGN (0x4)
 *(.text)
 .text          0x000000000800010c       0x40 /opt/st/stm32cubeide_1.11.0/plugins/com.st.stm32cube.ide.mcu.externaltools.gnu-tools-for-stm32.10.3-2021.10.linux64_1.0.100.202210260954/tools/bin/../lib/gcc/arm-none-eabi/10.3.1/thumb/v7-m/nofp/crtbegin.o
 .text          0x000000000800014c       0x10 /opt/st/stm32cubeide_1.11.0/plugins/com.st.stm32cube.ide.mcu.externaltools.gnu-tools-for-stm32.10.3-2021.10.linux64_1.0.100.202210260954/tools/bin/../lib/gcc/arm-none-eabi/10.3.1/../../../../arm-none-eabi/lib/thumb/v7-m/nofp/libc_nano.a(lib_a-strlen.o)
                0x000000000800014c                strlen
 .text          0x000000000800015c      0x21c /opt/st/stm32cubeide_1.11.0/plugins/com.st.stm32cube.ide.mcu.externaltools.gnu-tools-for-stm32.10.3-2021.10.linux64_1.0.100.202210260954/tools/bin/../lib/gcc/arm-none-eabi/10.3.1/thumb/v7-m/nofp/libgcc.a(_arm_addsubsf3.o)
                0x000000000800015c                __aeabi_frsub
                0x0000000008000164                __subsf3
                0x0000000008000164                __aeabi_fsub
                0x0000000008000168                __aeabi_fadd
                0x0000000008000168                __addsf3
                0x00000000080002c8                __aeabi_ui2f
                0x00000000080002c8                __floatunsisf
                0x00000000080002d0                __aeabi_i2f
                0x00000000080002d0                __floatsisf
                0x00000000080002ec                __floatundisf
                0x00000000080002ec                __aeabi_ul2f
                0x00000000080002fc                __floatdisf
                0x00000000080002fc                __aeabi_l2f
 .text          0x0000000008000378      0x2a0 /opt/st/stm32cubeide_1.11.0/plugins/com.st.stm32cube.ide.mcu.externaltools.gnu-tools-for-stm32.10.3-2021.10.linux64_1.0.100.202210260954/tools/bin/../lib/gcc/arm-none-eabi/10.3.1/thumb/v7-m/nofp/libgcc.a(_arm_muldivsf3.o)
                0x0000000008000378                __mulsf3
                0x0000000008000378                __aeabi_fmul
                0x00000000080004e0                __divsf3
                0x00000000080004e0                __aeabi_fdiv
 .text          0x0000000008000618       0x4c /opt/st/stm32cubeide_1.11.0/plugins/com.st.stm32cube.ide.mcu.externaltools.gnu-tools-for-stm32.10.3-2021.10.linux64_1.0.100.202210260954/tools/bin/../lib/gcc/arm-none-eabi/10.3.1/thumb/v7-m/nofp/libgcc.a(_arm_fixsfsi.o)
                0x0000000008000618                __fixsfsi
                0x0000000008000618                __aeabi_f2iz
 *(.text*)
 .text.main     0x0000000008000664      0x120 ./Core/Src/main.o
                0x0000000008000664                main
 .text.SystemClock_Config
                0x0000000008000784       0xb4 ./Core/Src/main.o
                0x0000000008000784                SystemClock_Config
 .text.MX_TIM1_Init
                0x0000000008000838      0x140 ./Core/Src/main.o
 .text.MX_TIM3_Init
                0x0000000008000978       0xec ./Core/Src/main.o
 .text.MX_GPIO_Init
                0x0000000008000a64       0xcc ./Core/Src/main.o
 .text.HAL_TIM_OC_DelayElapsedCallback
                0x0000000008000b30       0xac ./Core/Src/main.o
                0x0000000008000b30                HAL_TIM_OC_DelayElapsedCallback
 .text.HAL_TIM_PWM_PulseFinishedCallback
                0x0000000008000bdc       0xb0 ./Core/Src/main.o
                0x0000000008000bdc                HAL_TIM_PWM_PulseFinishedCallback
 .text.set_led_rate
                0x0000000008000c8c       0x70 ./Core/Src/main.o
 .text.bg_proc  0x0000000008000cfc       0xdc ./Core/Src/main.o
 .text.schedule_pulse
                0x0000000008000dd8       0x54 ./Core/Src/main.o
 .text.Error_Handler
                0x0000000008000e2c        0xa ./Core/Src/main.o
                0x0000000008000e2c                Error_Handler
 *fill*         0x0000000008000e36        0x2 
 .text.motion_start_fp
                0x0000000008000e38       0xc0 ./Core/Src/motion.o
                0x0000000008000e38                motion_start_fp
 .text.motion_step
                0x0000000008000ef8      0x140 ./Core/Src/motion.o
                0x0000000008000ef8                motion_step
 .text.HAL_MspInit
                0x0000000008001038       0x5c ./Core/Src/stm32f1xx_hal_msp.o
                0x0000000008001038                HAL_MspInit
 .text.HAL_TIM_Base_MspInit
                0x0000000008001094       0xc4 ./Core/Src/stm32f1xx_hal_msp.o
                0x0000000008001094                HAL_TIM_Base_MspInit
 .text.HAL_TIM_MspPostInit
                0x0000000008001158       0x68 ./Core/Src/stm32f1xx_hal_msp.o
                0x0000000008001158                HAL_TIM_MspPostInit
 .text.NMI_Handler
                0x00000000080011c0        0x6 ./Core/Src/stm32f1xx_it.o
                0x00000000080011c0                NMI_Handler
 .text.HardFault_Handler
                0x00000000080011c6        0x6 ./Core/Src/stm32f1xx_it.o
                0x00000000080011c6                HardFault_Handler
 .text.MemManage_Handler
                0x00000000080011cc        0x6 ./Core/Src/stm32f1xx_it.o
                0x00000000080011cc                MemManage_Handler
 .text.BusFault_Handler
                0x00000000080011d2        0x6 ./Core/Src/stm32f1xx_it.o
                0x00000000080011d2                BusFault_Handler
 .text.UsageFault_Handler
                0x00000000080011d8        0x6 ./Core/Src/stm32f1xx_it.o
                0x00000000080011d8                UsageFault_Handler
 .text.SVC_Handler
                0x00000000080011de        0xc ./Core/Src/stm32f1xx_it.o
                0x00000000080011de                SVC_Handler
 .text.DebugMon_Handler
                0x00000000080011ea        0xc ./Core/Src/stm32f1xx_it.o
                0x00000000080011ea                DebugMon_Handler
 .text.PendSV_Handler
                0x00000000080011f6        0xc ./Core/Src/stm32f1xx_it.o
                0x00000000080011f6                PendSV_Handler
 .text.SysTick_Handler
                0x0000000008001202        0xc ./Core/Src/stm32f1xx_it.o
                0x0000000008001202                SysTick_Handler
 *fill*         0x000000000800120e        0x2 
 .text.USB_LP_CAN1_RX0_IRQHandler
                0x0000000008001210       0x14 ./Core/Src/stm32f1xx_it.o
                0x0000000008001210                USB_LP_CAN1_RX0_IRQHandler
 .text.TIM1_CC_IRQHandler
                0x0000000008001224       0x14 ./Core/Src/stm32f1xx_it.o
                0x0000000008001224                TIM1_CC_IRQHandler
 .text.TIM3_IRQHandler
                0x0000000008001238       0x14 ./Core/Src/stm32f1xx_it.o
                0x0000000008001238                TIM3_IRQHandler
 .text._sbrk    0x000000000800124c       0x6c ./Core/Src/sysmem.o
                0x000000000800124c                _sbrk
 .text.SystemInit
                0x00000000080012b8        0xc ./Core/Src/system_stm32f1xx.o
                0x00000000080012b8                SystemInit
 .text.Reset_Handler
                0x00000000080012c4       0x48 ./Core/Startup/startup_stm32f103rbtx.o
                0x00000000080012c4                Reset_Handler
 .text.Default_Handler
                0x000000000800130c        0x2 ./Core/Startup/startup_stm32f103rbtx.o
                0x000000000800130c                RTC_Alarm_IRQHandler
                0x000000000800130c                EXTI2_IRQHandler
                0x000000000800130c                PVD_IRQHandler
                0x000000000800130c                EXTI3_IRQHandler
                0x000000000800130c                EXTI0_IRQHandler
                0x000000000800130c                I2C2_EV_IRQHandler
                0x000000000800130c                ADC1_2_IRQHandler
                0x000000000800130c                SPI1_IRQHandler
                0x000000000800130c                TAMPER_IRQHandler
                0x000000000800130c                DMA1_Channel4_IRQHandler
                0x000000000800130c                USART3_IRQHandler
                0x000000000800130c                RTC_IRQHandler
                0x000000000800130c                DMA1_Channel7_IRQHandler
                0x000000000800130c                CAN1_RX1_IRQHandler
                0x000000000800130c                TIM4_IRQHandler
                0x000000000800130c                I2C1_EV_IRQHandler
                0x000000000800130c                DMA1_Channel6_IRQHandler
                0x000000000800130c                RCC_IRQHandler
                0x000000000800130c                TIM1_TRG_COM_IRQHandler
                0x000000000800130c                DMA1_Channel1_IRQHandler
                0x000000000800130c                Default_Handler
                0x000000000800130c                EXTI15_10_IRQHandler
                0x000000000800130c                EXTI9_5_IRQHandler
                0x000000000800130c                SPI2_IRQHandler
                0x000000000800130c                DMA1_Channel5_IRQHandler
                0x000000000800130c                EXTI4_IRQHandler
                0x000000000800130c                USB_HP_CAN1_TX_IRQHandler
                0x000000000800130c                DMA1_Channel3_IRQHandler
                0x000000000800130c                TIM1_UP_IRQHandler
                0x000000000800130c                WWDG_IRQHandler
                0x000000000800130c                TIM2_IRQHandler
                0x000000000800130c                TIM1_BRK_IRQHandler
                0x000000000800130c                EXTI1_IRQHandler
                0x000000000800130c                USART2_IRQHandler
                0x000000000800130c                I2C2_ER_IRQHandler
                0x000000000800130c                DMA1_Channel2_IRQHandler
                0x000000000800130c                CAN1_SCE_IRQHandler
                0x000000000800130c                FLASH_IRQHandler
                0x000000000800130c                USART1_IRQHandler
                0x000000000800130c                I2C1_ER_IRQHandler
                0x000000000800130c                USBWakeUp_IRQHandler
 *fill*         0x000000000800130e        0x2 
 .text.HAL_Init
                0x0000000008001310       0x2c ./Drivers/STM32F1xx_HAL_Driver/Src/stm32f1xx_hal.o
                0x0000000008001310                HAL_Init
 .text.HAL_InitTick
                0x000000000800133c       0x60 ./Drivers/STM32F1xx_HAL_Driver/Src/stm32f1xx_hal.o
                0x000000000800133c                HAL_InitTick
 .text.HAL_IncTick
                0x000000000800139c       0x24 ./Drivers/STM32F1xx_HAL_Driver/Src/stm32f1xx_hal.o
                0x000000000800139c                HAL_IncTick
 .text.HAL_GetTick
                0x00000000080013c0       0x14 ./Drivers/STM32F1xx_HAL_Driver/Src/stm32f1xx_hal.o
                0x00000000080013c0                HAL_GetTick
 .text.__NVIC_SetPriorityGrouping
                0x00000000080013d4       0x48 ./Drivers/STM32F1xx_HAL_Driver/Src/stm32f1xx_hal_cortex.o
 .text.__NVIC_GetPriorityGrouping
                0x000000000800141c       0x1c ./Drivers/STM32F1xx_HAL_Driver/Src/stm32f1xx_hal_cortex.o
 .text.__NVIC_EnableIRQ
                0x0000000008001438       0x38 ./Drivers/STM32F1xx_HAL_Driver/Src/stm32f1xx_hal_cortex.o
 .text.__NVIC_SetPriority
                0x0000000008001470       0x54 ./Drivers/STM32F1xx_HAL_Driver/Src/stm32f1xx_hal_cortex.o
 .text.NVIC_EncodePriority
                0x00000000080014c4       0x64 ./Drivers/STM32F1xx_HAL_Driver/Src/stm32f1xx_hal_cortex.o
 .text.SysTick_Config
                0x0000000008001528       0x44 ./Drivers/STM32F1xx_HAL_Driver/Src/stm32f1xx_hal_cortex.o
 .text.HAL_NVIC_SetPriorityGrouping
                0x000000000800156c       0x16 ./Drivers/STM32F1xx_HAL_Driver/Src/stm32f1xx_hal_cortex.o
                0x000000000800156c                HAL_NVIC_SetPriorityGrouping
 .text.HAL_NVIC_SetPriority
                0x0000000008001582       0x38 ./Drivers/STM32F1xx_HAL_Driver/Src/stm32f1xx_hal_cortex.o
                0x0000000008001582                HAL_NVIC_SetPriority
 .text.HAL_NVIC_EnableIRQ
                0x00000000080015ba       0x1c ./Drivers/STM32F1xx_HAL_Driver/Src/stm32f1xx_hal_cortex.o
                0x00000000080015ba                HAL_NVIC_EnableIRQ
 .text.HAL_SYSTICK_Config
                0x00000000080015d6       0x18 ./Drivers/STM32F1xx_HAL_Driver/Src/stm32f1xx_hal_cortex.o
                0x00000000080015d6                HAL_SYSTICK_Config
 *fill*         0x00000000080015ee        0x2 
 .text.HAL_GPIO_Init
                0x00000000080015f0      0x308 ./Drivers/STM32F1xx_HAL_Driver/Src/stm32f1xx_hal_gpio.o
                0x00000000080015f0                HAL_GPIO_Init
 .text.HAL_GPIO_ReadPin
                0x00000000080018f8       0x2e ./Drivers/STM32F1xx_HAL_Driver/Src/stm32f1xx_hal_gpio.o
                0x00000000080018f8                HAL_GPIO_ReadPin
 .text.HAL_GPIO_WritePin
                0x0000000008001926       0x30 ./Drivers/STM32F1xx_HAL_Driver/Src/stm32f1xx_hal_gpio.o
                0x0000000008001926                HAL_GPIO_WritePin
 .text.HAL_PCD_Init
                0x0000000008001956      0x216 ./Drivers/STM32F1xx_HAL_Driver/Src/stm32f1xx_hal_pcd.o
                0x0000000008001956                HAL_PCD_Init
 .text.HAL_PCD_Start
                0x0000000008001b6c       0x4c ./Drivers/STM32F1xx_HAL_Driver/Src/stm32f1xx_hal_pcd.o
                0x0000000008001b6c                HAL_PCD_Start
 .text.HAL_PCD_IRQHandler
                0x0000000008001bb8      0x2a6 ./Drivers/STM32F1xx_HAL_Driver/Src/stm32f1xx_hal_pcd.o
                0x0000000008001bb8                HAL_PCD_IRQHandler
 .text.HAL_PCD_SetAddress
                0x0000000008001e5e       0x4a ./Drivers/STM32F1xx_HAL_Driver/Src/stm32f1xx_hal_pcd.o
                0x0000000008001e5e                HAL_PCD_SetAddress
 .text.HAL_PCD_EP_Open
                0x0000000008001ea8       0xcc ./Drivers/STM32F1xx_HAL_Driver/Src/stm32f1xx_hal_pcd.o
                0x0000000008001ea8                HAL_PCD_EP_Open
 .text.HAL_PCD_EP_Close
                0x0000000008001f74       0x90 ./Drivers/STM32F1xx_HAL_Driver/Src/stm32f1xx_hal_pcd.o
                0x0000000008001f74                HAL_PCD_EP_Close
 .text.HAL_PCD_EP_Receive
                0x0000000008002004       0x7a ./Drivers/STM32F1xx_HAL_Driver/Src/stm32f1xx_hal_pcd.o
                0x0000000008002004                HAL_PCD_EP_Receive
 .text.HAL_PCD_EP_GetRxCount
                0x000000000800207e       0x2e ./Drivers/STM32F1xx_HAL_Driver/Src/stm32f1xx_hal_pcd.o
                0x000000000800207e                HAL_PCD_EP_GetRxCount
 .text.HAL_PCD_EP_Transmit
                0x00000000080020ac       0x86 ./Drivers/STM32F1xx_HAL_Driver/Src/stm32f1xx_hal_pcd.o
                0x00000000080020ac                HAL_PCD_EP_Transmit
 .text.HAL_PCD_EP_SetStall
                0x0000000008002132       0xc0 ./Drivers/STM32F1xx_HAL_Driver/Src/stm32f1xx_hal_pcd.o
                0x0000000008002132                HAL_PCD_EP_SetStall
 .text.HAL_PCD_EP_ClrStall
                0x00000000080021f2       0xa8 ./Drivers/STM32F1xx_HAL_Driver/Src/stm32f1xx_hal_pcd.o
                0x00000000080021f2                HAL_PCD_EP_ClrStall
 .text.PCD_EP_ISR_Handler
                0x000000000800229a      0x600 ./Drivers/STM32F1xx_HAL_Driver/Src/stm32f1xx_hal_pcd.o
 .text.HAL_PCD_EP_DB_Receive
                0x000000000800289a      0x21a ./Drivers/STM32F1xx_HAL_Driver/Src/stm32f1xx_hal_pcd.o
 .text.HAL_PCD_EP_DB_Transmit
                0x0000000008002ab4      0x7a4 ./Drivers/STM32F1xx_HAL_Driver/Src/stm32f1xx_hal_pcd.o
 .text.HAL_PCDEx_PMAConfig
                0x0000000008003258       0x84 ./Drivers/STM32F1xx_HAL_Driver/Src/stm32f1xx_hal_pcd_ex.o
                0x0000000008003258                HAL_PCDEx_PMAConfig
 .text.HAL_RCC_OscConfig
                0x00000000080032dc      0x504 ./Drivers/STM32F1xx_HAL_Driver/Src/stm32f1xx_hal_rcc.o
                0x00000000080032dc                HAL_RCC_OscConfig
 .text.HAL_RCC_ClockConfig
                0x00000000080037e0      0x1d4 ./Drivers/STM32F1xx_HAL_Driver/Src/stm32f1xx_hal_rcc.o
                0x00000000080037e0                HAL_RCC_ClockConfig
 .text.HAL_RCC_GetSysClockFreq
                0x00000000080039b4       0xbc ./Drivers/STM32F1xx_HAL_Driver/Src/stm32f1xx_hal_rcc.o
                0x00000000080039b4                HAL_RCC_GetSysClockFreq
 .text.RCC_Delay
                0x0000000008003a70       0x3c ./Drivers/STM32F1xx_HAL_Driver/Src/stm32f1xx_hal_rcc.o
 .text.HAL_RCCEx_PeriphCLKConfig
                0x0000000008003aac      0x16c ./Drivers/STM32F1xx_HAL_Driver/Src/stm32f1xx_hal_rcc_ex.o
                0x0000000008003aac                HAL_RCCEx_PeriphCLKConfig
 .text.HAL_TIM_Base_Init
                0x0000000008003c18       0x9e ./Drivers/STM32F1xx_HAL_Driver/Src/stm32f1xx_hal_tim.o
                0x0000000008003c18                HAL_TIM_Base_Init
 .text.HAL_TIM_OC_Init
                0x0000000008003cb6       0x9e ./Drivers/STM32F1xx_HAL_Driver/Src/stm32f1xx_hal_tim.o
                0x0000000008003cb6                HAL_TIM_OC_Init
 .text.HAL_TIM_OC_MspInit
                0x0000000008003d54       0x12 ./Drivers/STM32F1xx_HAL_Driver/Src/stm32f1xx_hal_tim.o
                0x0000000008003d54                HAL_TIM_OC_MspInit
 .text.HAL_TIM_PWM_Init
                0x0000000008003d66       0x9e ./Drivers/STM32F1xx_HAL_Driver/Src/stm32f1xx_hal_tim.o
                0x0000000008003d66                HAL_TIM_PWM_Init
 .text.HAL_TIM_PWM_MspInit
                0x0000000008003e04       0x12 ./Drivers/STM32F1xx_HAL_Driver/Src/stm32f1xx_hal_tim.o
                0x0000000008003e04                HAL_TIM_PWM_MspInit
 *fill*         0x0000000008003e16        0x2 
 .text.HAL_TIM_PWM_Start_IT
                0x0000000008003e18      0x1d0 ./Drivers/STM32F1xx_HAL_Driver/Src/stm32f1xx_hal_tim.o
                0x0000000008003e18                HAL_TIM_PWM_Start_IT
 .text.HAL_TIM_PWM_Stop_IT
                0x0000000008003fe8      0x154 ./Drivers/STM32F1xx_HAL_Driver/Src/stm32f1xx_hal_tim.o
                0x0000000008003fe8                HAL_TIM_PWM_Stop_IT
 .text.HAL_TIM_IRQHandler
                0x000000000800413c      0x210 ./Drivers/STM32F1xx_HAL_Driver/Src/stm32f1xx_hal_tim.o
                0x000000000800413c                HAL_TIM_IRQHandler
 .text.HAL_TIM_OC_ConfigChannel
                0x000000000800434c       0xb0 ./Drivers/STM32F1xx_HAL_Driver/Src/stm32f1xx_hal_tim.o
                0x000000000800434c                HAL_TIM_OC_ConfigChannel
 .text.HAL_TIM_PWM_ConfigChannel
                0x00000000080043fc      0x17c ./Drivers/STM32F1xx_HAL_Driver/Src/stm32f1xx_hal_tim.o
                0x00000000080043fc                HAL_TIM_PWM_ConfigChannel
 .text.HAL_TIM_ConfigClockSource
                0x0000000008004578      0x188 ./Drivers/STM32F1xx_HAL_Driver/Src/stm32f1xx_hal_tim.o
                0x0000000008004578                HAL_TIM_ConfigClockSource
 .text.HAL_TIM_SlaveConfigSynchro
                0x0000000008004700       0x84 ./Drivers/STM32F1xx_HAL_Driver/Src/stm32f1xx_hal_tim.o
                0x0000000008004700                HAL_TIM_SlaveConfigSynchro
 .text.HAL_TIM_PeriodElapsedCallback
                0x0000000008004784       0x12 ./Drivers/STM32F1xx_HAL_Driver/Src/stm32f1xx_hal_tim.o
                0x0000000008004784                HAL_TIM_PeriodElapsedCallback
 .text.HAL_TIM_IC_CaptureCallback
                0x0000000008004796       0x12 ./Drivers/STM32F1xx_HAL_Driver/Src/stm32f1xx_hal_tim.o
                0x0000000008004796                HAL_TIM_IC_CaptureCallback
 .text.HAL_TIM_TriggerCallback
                0x00000000080047a8       0x12 ./Drivers/STM32F1xx_HAL_Driver/Src/stm32f1xx_hal_tim.o
                0x00000000080047a8                HAL_TIM_TriggerCallback
 *fill*         0x00000000080047ba        0x2 
 .text.TIM_Base_SetConfig
                0x00000000080047bc       0xc4 ./Drivers/STM32F1xx_HAL_Driver/Src/stm32f1xx_hal_tim.o
                0x00000000080047bc                TIM_Base_SetConfig
 .text.TIM_OC1_SetConfig
                0x0000000008004880       0xcc ./Drivers/STM32F1xx_HAL_Driver/Src/stm32f1xx_hal_tim.o
 .text.TIM_OC2_SetConfig
                0x000000000800494c       0xd4 ./Drivers/STM32F1xx_HAL_Driver/Src/stm32f1xx_hal_tim.o
                0x000000000800494c                TIM_OC2_SetConfig
 .text.TIM_OC3_SetConfig
                0x0000000008004a20       0xd4 ./Drivers/STM32F1xx_HAL_Driver/Src/stm32f1xx_hal_tim.o
 .text.TIM_OC4_SetConfig
                0x0000000008004af4       0x9c ./Drivers/STM32F1xx_HAL_Driver/Src/stm32f1xx_hal_tim.o
 .text.TIM_SlaveTimer_SetConfig
                0x0000000008004b90      0x11c ./Drivers/STM32F1xx_HAL_Driver/Src/stm32f1xx_hal_tim.o
 .text.TIM_TI1_ConfigInputStage
                0x0000000008004cac       0x5c ./Drivers/STM32F1xx_HAL_Driver/Src/stm32f1xx_hal_tim.o
 .text.TIM_TI2_ConfigInputStage
                0x0000000008004d08       0x5e ./Drivers/STM32F1xx_HAL_Driver/Src/stm32f1xx_hal_tim.o
 .text.TIM_ITRx_SetConfig
                0x0000000008004d66       0x34 ./Drivers/STM32F1xx_HAL_Driver/Src/stm32f1xx_hal_tim.o
 .text.TIM_ETR_SetConfig
                0x0000000008004d9a       0x3e ./Drivers/STM32F1xx_HAL_Driver/Src/stm32f1xx_hal_tim.o
                0x0000000008004d9a                TIM_ETR_SetConfig
 .text.TIM_CCxChannelCmd
                0x0000000008004dd8       0x48 ./Drivers/STM32F1xx_HAL_Driver/Src/stm32f1xx_hal_tim.o
                0x0000000008004dd8                TIM_CCxChannelCmd
 .text.HAL_TIMEx_MasterConfigSynchronization
                0x0000000008004e20       0xbc ./Drivers/STM32F1xx_HAL_Driver/Src/stm32f1xx_hal_tim_ex.o
                0x0000000008004e20                HAL_TIMEx_MasterConfigSynchronization
 .text.HAL_TIMEx_ConfigBreakDeadTime
                0x0000000008004edc       0xa2 ./Drivers/STM32F1xx_HAL_Driver/Src/stm32f1xx_hal_tim_ex.o
                0x0000000008004edc                HAL_TIMEx_ConfigBreakDeadTime
 .text.HAL_TIMEx_CommutCallback
                0x0000000008004f7e       0x12 ./Drivers/STM32F1xx_HAL_Driver/Src/stm32f1xx_hal_tim_ex.o
                0x0000000008004f7e                HAL_TIMEx_CommutCallback
 .text.HAL_TIMEx_BreakCallback
                0x0000000008004f90       0x12 ./Drivers/STM32F1xx_HAL_Driver/Src/stm32f1xx_hal_tim_ex.o
                0x0000000008004f90                HAL_TIMEx_BreakCallback
 .text.USB_CoreInit
                0x0000000008004fa2       0x20 ./Drivers/STM32F1xx_HAL_Driver/Src/stm32f1xx_ll_usb.o
                0x0000000008004fa2                USB_CoreInit
 .text.USB_EnableGlobalInt
                0x0000000008004fc2       0x2c ./Drivers/STM32F1xx_HAL_Driver/Src/stm32f1xx_ll_usb.o
                0x0000000008004fc2                USB_EnableGlobalInt
 .text.USB_DisableGlobalInt
                0x0000000008004fee       0x34 ./Drivers/STM32F1xx_HAL_Driver/Src/stm32f1xx_ll_usb.o
                0x0000000008004fee                USB_DisableGlobalInt
 .text.USB_SetCurrentMode
                0x0000000008005022       0x18 ./Drivers/STM32F1xx_HAL_Driver/Src/stm32f1xx_ll_usb.o
                0x0000000008005022                USB_SetCurrentMode
 .text.USB_DevInit
                0x000000000800503a       0x40 ./Drivers/STM32F1xx_HAL_Driver/Src/stm32f1xx_ll_usb.o
                0x000000000800503a                USB_DevInit
 *fill*         0x000000000800507a        0x2 
 .text.USB_ActivateEndpoint
                0x000000000800507c      0x6d4 ./Drivers/STM32F1xx_HAL_Driver/Src/stm32f1xx_ll_usb.o
                0x000000000800507c                USB_ActivateEndpoint
 .text.USB_DeactivateEndpoint
                0x0000000008005750      0x3d8 ./Drivers/STM32F1xx_HAL_Driver/Src/stm32f1xx_ll_usb.o
                0x0000000008005750                USB_DeactivateEndpoint
 .text.USB_EPStartXfer
                0x0000000008005b28     0x1c70 ./Drivers/STM32F1xx_HAL_Driver/Src/stm32f1xx_ll_usb.o
                0x0000000008005b28                USB_EPStartXfer
 .text.USB_EPSetStall
                0x0000000008007798       0xa0 ./Drivers/STM32F1xx_HAL_Driver/Src/stm32f1xx_ll_usb.o
                0x0000000008007798                USB_EPSetStall
 .text.USB_EPClearStall
                0x0000000008007838      0x15a ./Drivers/STM32F1xx_HAL_Driver/Src/stm32f1xx_ll_usb.o
                0x0000000008007838                USB_EPClearStall
 .text.USB_SetDevAddress
                0x0000000008007992       0x26 ./Drivers/STM32F1xx_HAL_Driver/Src/stm32f1xx_ll_usb.o
                0x0000000008007992                USB_SetDevAddress
 .text.USB_DevConnect
                0x00000000080079b8       0x14 ./Drivers/STM32F1xx_HAL_Driver/Src/stm32f1xx_ll_usb.o
                0x00000000080079b8                USB_DevConnect
 .text.USB_DevDisconnect
                0x00000000080079cc       0x14 ./Drivers/STM32F1xx_HAL_Driver/Src/stm32f1xx_ll_usb.o
                0x00000000080079cc                USB_DevDisconnect
 .text.USB_ReadInterrupts
                0x00000000080079e0       0x1e ./Drivers/STM32F1xx_HAL_Driver/Src/stm32f1xx_ll_usb.o
                0x00000000080079e0                USB_ReadInterrupts
 .text.USB_EP0_OutStart
                0x00000000080079fe       0x16 ./Drivers/STM32F1xx_HAL_Driver/Src/stm32f1xx_ll_usb.o
                0x00000000080079fe                USB_EP0_OutStart
 .text.USB_WritePMA
                0x0000000008007a14       0x8a ./Drivers/STM32F1xx_HAL_Driver/Src/stm32f1xx_ll_usb.o
                0x0000000008007a14                USB_WritePMA
 .text.USB_ReadPMA
                0x0000000008007a9e       0x9e ./Drivers/STM32F1xx_HAL_Driver/Src/stm32f1xx_ll_usb.o
                0x0000000008007a9e                USB_ReadPMA
 .text.USBD_CDC_Init
                0x0000000008007b3c       0xf4 ./Middlewares/ST/STM32_USB_Device_Library/Class/CDC/Src/usbd_cdc.o
 .text.USBD_CDC_DeInit
                0x0000000008007c30       0x6e ./Middlewares/ST/STM32_USB_Device_Library/Class/CDC/Src/usbd_cdc.o
 .text.USBD_CDC_Setup
                0x0000000008007c9e      0x146 ./Middlewares/ST/STM32_USB_Device_Library/Class/CDC/Src/usbd_cdc.o
 .text.USBD_CDC_DataIn
                0x0000000008007de4       0xa6 ./Middlewares/ST/STM32_USB_Device_Library/Class/CDC/Src/usbd_cdc.o
 .text.USBD_CDC_DataOut
                0x0000000008007e8a       0x56 ./Middlewares/ST/STM32_USB_Device_Library/Class/CDC/Src/usbd_cdc.o
 .text.USBD_CDC_EP0_RxReady
                0x0000000008007ee0       0x50 ./Middlewares/ST/STM32_USB_Device_Library/Class/CDC/Src/usbd_cdc.o
 .text.USBD_CDC_GetFSCfgDesc
                0x0000000008007f30       0x20 ./Middlewares/ST/STM32_USB_Device_Library/Class/CDC/Src/usbd_cdc.o
 .text.USBD_CDC_GetHSCfgDesc
                0x0000000008007f50       0x20 ./Middlewares/ST/STM32_USB_Device_Library/Class/CDC/Src/usbd_cdc.o
 .text.USBD_CDC_GetOtherSpeedCfgDesc
                0x0000000008007f70       0x20 ./Middlewares/ST/STM32_USB_Device_Library/Class/CDC/Src/usbd_cdc.o
 .text.USBD_CDC_GetDeviceQualifierDescriptor
                0x0000000008007f90       0x20 ./Middlewares/ST/STM32_USB_Device_Library/Class/CDC/Src/usbd_cdc.o
                0x0000000008007f90                USBD_CDC_GetDeviceQualifierDescriptor
 .text.USBD_CDC_RegisterInterface
                0x0000000008007fb0       0x2c ./Middlewares/ST/STM32_USB_Device_Library/Class/CDC/Src/usbd_cdc.o
                0x0000000008007fb0                USBD_CDC_RegisterInterface
 .text.USBD_CDC_SetTxBuffer
                0x0000000008007fdc       0x32 ./Middlewares/ST/STM32_USB_Device_Library/Class/CDC/Src/usbd_cdc.o
                0x0000000008007fdc                USBD_CDC_SetTxBuffer
 .text.USBD_CDC_SetRxBuffer
                0x000000000800800e       0x26 ./Middlewares/ST/STM32_USB_Device_Library/Class/CDC/Src/usbd_cdc.o
                0x000000000800800e                USBD_CDC_SetRxBuffer
 .text.USBD_CDC_TransmitPacket
                0x0000000008008034       0x5e ./Middlewares/ST/STM32_USB_Device_Library/Class/CDC/Src/usbd_cdc.o
                0x0000000008008034                USBD_CDC_TransmitPacket
 .text.USBD_CDC_ReceivePacket
                0x0000000008008092       0x54 ./Middlewares/ST/STM32_USB_Device_Library/Class/CDC/Src/usbd_cdc.o
                0x0000000008008092                USBD_CDC_ReceivePacket
 .text.USBD_Init
                0x00000000080080e6       0x56 ./Middlewares/ST/STM32_USB_Device_Library/Core/Src/usbd_core.o
                0x00000000080080e6                USBD_Init
 .text.USBD_RegisterClass
                0x000000000800813c       0x32 ./Middlewares/ST/STM32_USB_Device_Library/Core/Src/usbd_core.o
                0x000000000800813c                USBD_RegisterClass
 .text.USBD_Start
                0x000000000800816e       0x18 ./Middlewares/ST/STM32_USB_Device_Library/Core/Src/usbd_core.o
                0x000000000800816e                USBD_Start
 .text.USBD_RunTestMode
                0x0000000008008186       0x14 ./Middlewares/ST/STM32_USB_Device_Library/Core/Src/usbd_core.o
                0x0000000008008186                USBD_RunTestMode
 .text.USBD_SetClassConfig
                0x000000000800819a       0x3e ./Middlewares/ST/STM32_USB_Device_Library/Core/Src/usbd_core.o
                0x000000000800819a                USBD_SetClassConfig
 .text.USBD_ClrClassConfig
                0x00000000080081d8       0x26 ./Middlewares/ST/STM32_USB_Device_Library/Core/Src/usbd_core.o
                0x00000000080081d8                USBD_ClrClassConfig
 .text.USBD_LL_SetupStage
                0x00000000080081fe       0x9a ./Middlewares/ST/STM32_USB_Device_Library/Core/Src/usbd_core.o
                0x00000000080081fe                USBD_LL_SetupStage
 .text.USBD_LL_DataOutStage
                0x0000000008008298       0xe2 ./Middlewares/ST/STM32_USB_Device_Library/Core/Src/usbd_core.o
                0x0000000008008298                USBD_LL_DataOutStage
 .text.USBD_LL_DataInStage
                0x000000000800837a      0x14a ./Middlewares/ST/STM32_USB_Device_Library/Core/Src/usbd_core.o
                0x000000000800837a                USBD_LL_DataInStage
 .text.USBD_LL_Reset
                0x00000000080084c4       0x82 ./Middlewares/ST/STM32_USB_Device_Library/Core/Src/usbd_core.o
                0x00000000080084c4                USBD_LL_Reset
 .text.USBD_LL_SetSpeed
                0x0000000008008546       0x1e ./Middlewares/ST/STM32_USB_Device_Library/Core/Src/usbd_core.o
                0x0000000008008546                USBD_LL_SetSpeed
 .text.USBD_LL_Suspend
                0x0000000008008564       0x28 ./Middlewares/ST/STM32_USB_Device_Library/Core/Src/usbd_core.o
                0x0000000008008564                USBD_LL_Suspend
 .text.USBD_LL_Resume
                0x000000000800858c       0x2a ./Middlewares/ST/STM32_USB_Device_Library/Core/Src/usbd_core.o
                0x000000000800858c                USBD_LL_Resume
 .text.USBD_LL_SOF
                0x00000000080085b6       0x34 ./Middlewares/ST/STM32_USB_Device_Library/Core/Src/usbd_core.o
                0x00000000080085b6                USBD_LL_SOF
 *fill*         0x00000000080085ea        0x2 
 .text.USBD_StdDevReq
                0x00000000080085ec       0xd4 ./Middlewares/ST/STM32_USB_Device_Library/Core/Src/usbd_ctlreq.o
                0x00000000080085ec                USBD_StdDevReq
 .text.USBD_StdItfReq
                0x00000000080086c0       0x90 ./Middlewares/ST/STM32_USB_Device_Library/Core/Src/usbd_ctlreq.o
                0x00000000080086c0                USBD_StdItfReq
 .text.USBD_StdEPReq
                0x0000000008008750      0x2c6 ./Middlewares/ST/STM32_USB_Device_Library/Core/Src/usbd_ctlreq.o
                0x0000000008008750                USBD_StdEPReq
 *fill*         0x0000000008008a16        0x2 
 .text.USBD_GetDescriptor
                0x0000000008008a18      0x2d0 ./Middlewares/ST/STM32_USB_Device_Library/Core/Src/usbd_ctlreq.o
 .text.USBD_SetAddress
                0x0000000008008ce8       0x86 ./Middlewares/ST/STM32_USB_Device_Library/Core/Src/usbd_ctlreq.o
 *fill*         0x0000000008008d6e        0x2 
 .text.USBD_SetConfig
                0x0000000008008d70      0x11c ./Middlewares/ST/STM32_USB_Device_Library/Core/Src/usbd_ctlreq.o
 .text.USBD_GetConfig
                0x0000000008008e8c       0x6a ./Middlewares/ST/STM32_USB_Device_Library/Core/Src/usbd_ctlreq.o
 .text.USBD_GetStatus
                0x0000000008008ef6       0x66 ./Middlewares/ST/STM32_USB_Device_Library/Core/Src/usbd_ctlreq.o
 .text.USBD_SetFeature
                0x0000000008008f5c       0x28 ./Middlewares/ST/STM32_USB_Device_Library/Core/Src/usbd_ctlreq.o
 .text.USBD_ClrFeature
                0x0000000008008f84       0x42 ./Middlewares/ST/STM32_USB_Device_Library/Core/Src/usbd_ctlreq.o
 .text.USBD_ParseSetupRequest
                0x0000000008008fc6       0x78 ./Middlewares/ST/STM32_USB_Device_Library/Core/Src/usbd_ctlreq.o
                0x0000000008008fc6                USBD_ParseSetupRequest
 .text.USBD_CtlError
                0x000000000800903e       0x22 ./Middlewares/ST/STM32_USB_Device_Library/Core/Src/usbd_ctlreq.o
                0x000000000800903e                USBD_CtlError
 .text.USBD_GetString
                0x0000000008009060       0x84 ./Middlewares/ST/STM32_USB_Device_Library/Core/Src/usbd_ctlreq.o
                0x0000000008009060                USBD_GetString
 .text.USBD_GetLen
                0x00000000080090e4       0x2e ./Middlewares/ST/STM32_USB_Device_Library/Core/Src/usbd_ctlreq.o
 .text.USBD_CtlSendData
                0x0000000008009112       0x38 ./Middlewares/ST/STM32_USB_Device_Library/Core/Src/usbd_ioreq.o
                0x0000000008009112                USBD_CtlSendData
 .text.USBD_CtlContinueSendData
                0x000000000800914a       0x24 ./Middlewares/ST/STM32_USB_Device_Library/Core/Src/usbd_ioreq.o
                0x000000000800914a                USBD_CtlContinueSendData
 .text.USBD_CtlPrepareRx
                0x000000000800916e       0x3c ./Middlewares/ST/STM32_USB_Device_Library/Core/Src/usbd_ioreq.o
                0x000000000800916e                USBD_CtlPrepareRx
 .text.USBD_CtlContinueRx
                0x00000000080091aa       0x24 ./Middlewares/ST/STM32_USB_Device_Library/Core/Src/usbd_ioreq.o
                0x00000000080091aa                USBD_CtlContinueRx
 .text.USBD_CtlSendStatus
                0x00000000080091ce       0x26 ./Middlewares/ST/STM32_USB_Device_Library/Core/Src/usbd_ioreq.o
                0x00000000080091ce                USBD_CtlSendStatus
 .text.USBD_CtlReceiveStatus
                0x00000000080091f4       0x26 ./Middlewares/ST/STM32_USB_Device_Library/Core/Src/usbd_ioreq.o
                0x00000000080091f4                USBD_CtlReceiveStatus
 *fill*         0x000000000800921a        0x2 
 .text.MX_USB_DEVICE_Init
                0x000000000800921c       0x60 ./USB_DEVICE/App/usb_device.o
                0x000000000800921c                MX_USB_DEVICE_Init
 .text.CDC_Init_FS
                0x000000000800927c       0x28 ./USB_DEVICE/App/usbd_cdc_if.o
 .text.CDC_DeInit_FS
                0x00000000080092a4        0xe ./USB_DEVICE/App/usbd_cdc_if.o
 *fill*         0x00000000080092b2        0x2 
 .text.CDC_Control_FS
                0x00000000080092b4       0xbc ./USB_DEVICE/App/usbd_cdc_if.o
 .text.CDC_Receive_FS
                0x0000000008009370       0x28 ./USB_DEVICE/App/usbd_cdc_if.o
 .text.CDC_Transmit_FS
                0x0000000008009398       0x58 ./USB_DEVICE/App/usbd_cdc_if.o
                0x0000000008009398                CDC_Transmit_FS
 .text.USBD_FS_DeviceDescriptor
                0x00000000080093f0       0x24 ./USB_DEVICE/App/usbd_desc.o
                0x00000000080093f0                USBD_FS_DeviceDescriptor
 .text.USBD_FS_LangIDStrDescriptor
                0x0000000008009414       0x24 ./USB_DEVICE/App/usbd_desc.o
                0x0000000008009414                USBD_FS_LangIDStrDescriptor
 .text.USBD_FS_ProductStrDescriptor
                0x0000000008009438       0x3c ./USB_DEVICE/App/usbd_desc.o
                0x0000000008009438                USBD_FS_ProductStrDescriptor
 .text.USBD_FS_ManufacturerStrDescriptor
                0x0000000008009474       0x28 ./USB_DEVICE/App/usbd_desc.o
                0x0000000008009474                USBD_FS_ManufacturerStrDescriptor
 .text.USBD_FS_SerialStrDescriptor
                0x000000000800949c       0x24 ./USB_DEVICE/App/usbd_desc.o
                0x000000000800949c                USBD_FS_SerialStrDescriptor
 .text.USBD_FS_ConfigStrDescriptor
                0x00000000080094c0       0x3c ./USB_DEVICE/App/usbd_desc.o
                0x00000000080094c0                USBD_FS_ConfigStrDescriptor
 .text.USBD_FS_InterfaceStrDescriptor
                0x00000000080094fc       0x3c ./USB_DEVICE/App/usbd_desc.o
                0x00000000080094fc                USBD_FS_InterfaceStrDescriptor
 .text.Get_SerialNum
                0x0000000008009538       0x58 ./USB_DEVICE/App/usbd_desc.o
 .text.IntToUnicode
                0x0000000008009590       0x7c ./USB_DEVICE/App/usbd_desc.o
 .text.HAL_PCD_MspInit
                0x000000000800960c       0x4c ./USB_DEVICE/Target/usbd_conf.o
                0x000000000800960c                HAL_PCD_MspInit
 .text.HAL_PCD_SetupStageCallback
                0x0000000008009658       0x24 ./USB_DEVICE/Target/usbd_conf.o
                0x0000000008009658                HAL_PCD_SetupStageCallback
 .text.HAL_PCD_DataOutStageCallback
                0x000000000800967c       0x36 ./USB_DEVICE/Target/usbd_conf.o
                0x000000000800967c                HAL_PCD_DataOutStageCallback
 .text.HAL_PCD_DataInStageCallback
                0x00000000080096b2       0x34 ./USB_DEVICE/Target/usbd_conf.o
                0x00000000080096b2                HAL_PCD_DataInStageCallback
 .text.HAL_PCD_SOFCallback
                0x00000000080096e6       0x1c ./USB_DEVICE/Target/usbd_conf.o
                0x00000000080096e6                HAL_PCD_SOFCallback
 .text.HAL_PCD_ResetCallback
                0x0000000008009702       0x3c ./USB_DEVICE/Target/usbd_conf.o
                0x0000000008009702                HAL_PCD_ResetCallback
 *fill*         0x000000000800973e        0x2 
 .text.HAL_PCD_SuspendCallback
                0x0000000008009740       0x34 ./USB_DEVICE/Target/usbd_conf.o
                0x0000000008009740                HAL_PCD_SuspendCallback
 .text.HAL_PCD_ResumeCallback
                0x0000000008009774       0x1c ./USB_DEVICE/Target/usbd_conf.o
                0x0000000008009774                HAL_PCD_ResumeCallback
 .text.USBD_LL_Init
                0x0000000008009790       0xb4 ./USB_DEVICE/Target/usbd_conf.o
                0x0000000008009790                USBD_LL_Init
 .text.USBD_LL_Start
                0x0000000008009844       0x36 ./USB_DEVICE/Target/usbd_conf.o
                0x0000000008009844                USBD_LL_Start
 .text.USBD_LL_OpenEP
                0x000000000800987a       0x4c ./USB_DEVICE/Target/usbd_conf.o
                0x000000000800987a                USBD_LL_OpenEP
 .text.USBD_LL_CloseEP
                0x00000000080098c6       0x3e ./USB_DEVICE/Target/usbd_conf.o
                0x00000000080098c6                USBD_LL_CloseEP
 .text.USBD_LL_StallEP
                0x0000000008009904       0x3e ./USB_DEVICE/Target/usbd_conf.o
                0x0000000008009904                USBD_LL_StallEP
 .text.USBD_LL_ClearStallEP
                0x0000000008009942       0x3e ./USB_DEVICE/Target/usbd_conf.o
                0x0000000008009942                USBD_LL_ClearStallEP
 .text.USBD_LL_IsStallEP
                0x0000000008009980       0x58 ./USB_DEVICE/Target/usbd_conf.o
                0x0000000008009980                USBD_LL_IsStallEP
 .text.USBD_LL_SetUSBAddress
                0x00000000080099d8       0x3e ./USB_DEVICE/Target/usbd_conf.o
                0x00000000080099d8                USBD_LL_SetUSBAddress
 .text.USBD_LL_Transmit
                0x0000000008009a16       0x46 ./USB_DEVICE/Target/usbd_conf.o
                0x0000000008009a16                USBD_LL_Transmit
 .text.USBD_LL_PrepareReceive
                0x0000000008009a5c       0x46 ./USB_DEVICE/Target/usbd_conf.o
                0x0000000008009a5c                USBD_LL_PrepareReceive
 .text.USBD_LL_GetRxDataSize
                0x0000000008009aa2       0x26 ./USB_DEVICE/Target/usbd_conf.o
                0x0000000008009aa2                USBD_LL_GetRxDataSize
 .text.USBD_static_malloc
                0x0000000008009ac8       0x18 ./USB_DEVICE/Target/usbd_conf.o
                0x0000000008009ac8                USBD_static_malloc
 .text.USBD_static_free
                0x0000000008009ae0       0x12 ./USB_DEVICE/Target/usbd_conf.o
                0x0000000008009ae0                USBD_static_free
 .text.HAL_PCDEx_SetConnectionState
                0x0000000008009af2       0x16 ./USB_DEVICE/Target/usbd_conf.o
                0x0000000008009af2                HAL_PCDEx_SetConnectionState
 .text.USBD_Get_USB_Status
                0x0000000008009b08       0x58 ./USB_DEVICE/Target/usbd_conf.o
 .text.arm_sqrt_q31
                0x0000000008009b60       0xf8 /home/rob/STM32Cube/Repository/STM32Cube_FW_F1_V1.8.4/Drivers/CMSIS/Lib/GCC/libarm_cortexM3l_math.a(arm_sqrt_q31.o)
                0x0000000008009b60                arm_sqrt_q31
 .text.arm_cos_q31
                0x0000000008009c58       0x40 /home/rob/STM32Cube/Repository/STM32Cube_FW_F1_V1.8.4/Drivers/CMSIS/Lib/GCC/libarm_cortexM3l_math.a(arm_cos_q31.o)
                0x0000000008009c58                arm_cos_q31
 .text.__errno  0x0000000008009c98        0xc /opt/st/stm32cubeide_1.11.0/plugins/com.st.stm32cube.ide.mcu.externaltools.gnu-tools-for-stm32.10.3-2021.10.linux64_1.0.100.202210260954/tools/bin/../lib/gcc/arm-none-eabi/10.3.1/../../../../arm-none-eabi/lib/thumb/v7-m/nofp/libc_nano.a(lib_a-errno.o)
                0x0000000008009c98                __errno
 .text.__libc_init_array
                0x0000000008009ca4       0x48 /opt/st/stm32cubeide_1.11.0/plugins/com.st.stm32cube.ide.mcu.externaltools.gnu-tools-for-stm32.10.3-2021.10.linux64_1.0.100.202210260954/tools/bin/../lib/gcc/arm-none-eabi/10.3.1/../../../../arm-none-eabi/lib/thumb/v7-m/nofp/libc_nano.a(lib_a-init.o)
                0x0000000008009ca4                __libc_init_array
 .text.memset   0x0000000008009cec       0x10 /opt/st/stm32cubeide_1.11.0/plugins/com.st.stm32cube.ide.mcu.externaltools.gnu-tools-for-stm32.10.3-2021.10.linux64_1.0.100.202210260954/tools/bin/../lib/gcc/arm-none-eabi/10.3.1/../../../../arm-none-eabi/lib/thumb/v7-m/nofp/libc_nano.a(lib_a-memset.o)
                0x0000000008009cec                memset
 .text._free_r  0x0000000008009cfc       0x90 /opt/st/stm32cubeide_1.11.0/plugins/com.st.stm32cube.ide.mcu.externaltools.gnu-tools-for-stm32.10.3-2021.10.linux64_1.0.100.202210260954/tools/bin/../lib/gcc/arm-none-eabi/10.3.1/../../../../arm-none-eabi/lib/thumb/v7-m/nofp/libc_nano.a(lib_a-nano-freer.o)
                0x0000000008009cfc                _free_r
 .text.sbrk_aligned
                0x0000000008009d8c       0x40 /opt/st/stm32cubeide_1.11.0/plugins/com.st.stm32cube.ide.mcu.externaltools.gnu-tools-for-stm32.10.3-2021.10.linux64_1.0.100.202210260954/tools/bin/../lib/gcc/arm-none-eabi/10.3.1/../../../../arm-none-eabi/lib/thumb/v7-m/nofp/libc_nano.a(lib_a-nano-mallocr.o)
 .text._malloc_r
                0x0000000008009dcc       0xe8 /opt/st/stm32cubeide_1.11.0/plugins/com.st.stm32cube.ide.mcu.externaltools.gnu-tools-for-stm32.10.3-2021.10.linux64_1.0.100.202210260954/tools/bin/../lib/gcc/arm-none-eabi/10.3.1/../../../../arm-none-eabi/lib/thumb/v7-m/nofp/libc_nano.a(lib_a-nano-mallocr.o)
                0x0000000008009dcc                _malloc_r
 .text._sbrk_r  0x0000000008009eb4       0x20 /opt/st/stm32cubeide_1.11.0/plugins/com.st.stm32cube.ide.mcu.externaltools.gnu-tools-for-stm32.10.3-2021.10.linux64_1.0.100.202210260954/tools/bin/../lib/gcc/arm-none-eabi/10.3.1/../../../../arm-none-eabi/lib/thumb/v7-m/nofp/libc_nano.a(lib_a-sbrkr.o)
                0x0000000008009eb4                _sbrk_r
 .text.sprintf  0x0000000008009ed4       0x40 /opt/st/stm32cubeide_1.11.0/plugins/com.st.stm32cube.ide.mcu.externaltools.gnu-tools-for-stm32.10.3-2021.10.linux64_1.0.100.202210260954/tools/bin/../lib/gcc/arm-none-eabi/10.3.1/../../../../arm-none-eabi/lib/thumb/v7-m/nofp/libc_nano.a(lib_a-sprintf.o)
                0x0000000008009ed4                sprintf
                0x0000000008009ed4                siprintf
 .text.__retarget_lock_acquire_recursive
                0x0000000008009f14        0x2 /opt/st/stm32cubeide_1.11.0/plugins/com.st.stm32cube.ide.mcu.externaltools.gnu-tools-for-stm32.10.3-2021.10.linux64_1.0.100.202210260954/tools/bin/../lib/gcc/arm-none-eabi/10.3.1/../../../../arm-none-eabi/lib/thumb/v7-m/nofp/libc_nano.a(lib_a-lock.o)
                0x0000000008009f14                __retarget_lock_acquire_recursive
 .text.__retarget_lock_release_recursive
                0x0000000008009f16        0x2 /opt/st/stm32cubeide_1.11.0/plugins/com.st.stm32cube.ide.mcu.externaltools.gnu-tools-for-stm32.10.3-2021.10.linux64_1.0.100.202210260954/tools/bin/../lib/gcc/arm-none-eabi/10.3.1/../../../../arm-none-eabi/lib/thumb/v7-m/nofp/libc_nano.a(lib_a-lock.o)
                0x0000000008009f16                __retarget_lock_release_recursive
 .text.__malloc_lock
                0x0000000008009f18        0xc /opt/st/stm32cubeide_1.11.0/plugins/com.st.stm32cube.ide.mcu.externaltools.gnu-tools-for-stm32.10.3-2021.10.linux64_1.0.100.202210260954/tools/bin/../lib/gcc/arm-none-eabi/10.3.1/../../../../arm-none-eabi/lib/thumb/v7-m/nofp/libc_nano.a(lib_a-mlock.o)
                0x0000000008009f18                __malloc_lock
 .text.__malloc_unlock
                0x0000000008009f24        0xc /opt/st/stm32cubeide_1.11.0/plugins/com.st.stm32cube.ide.mcu.externaltools.gnu-tools-for-stm32.10.3-2021.10.linux64_1.0.100.202210260954/tools/bin/../lib/gcc/arm-none-eabi/10.3.1/../../../../arm-none-eabi/lib/thumb/v7-m/nofp/libc_nano.a(lib_a-mlock.o)
                0x0000000008009f24                __malloc_unlock
 .text.__ssputs_r
                0x0000000008009f30       0xb6 /opt/st/stm32cubeide_1.11.0/plugins/com.st.stm32cube.ide.mcu.externaltools.gnu-tools-for-stm32.10.3-2021.10.linux64_1.0.100.202210260954/tools/bin/../lib/gcc/arm-none-eabi/10.3.1/../../../../arm-none-eabi/lib/thumb/v7-m/nofp/libc_nano.a(lib_a-nano-svfprintf.o)
                0x0000000008009f30                __ssputs_r
 *fill*         0x0000000008009fe6        0x2 
 .text._svfprintf_r
                0x0000000008009fe8      0x200 /opt/st/stm32cubeide_1.11.0/plugins/com.st.stm32cube.ide.mcu.externaltools.gnu-tools-for-stm32.10.3-2021.10.linux64_1.0.100.202210260954/tools/bin/../lib/gcc/arm-none-eabi/10.3.1/../../../../arm-none-eabi/lib/thumb/v7-m/nofp/libc_nano.a(lib_a-nano-svfprintf.o)
                0x0000000008009fe8                _svfprintf_r
                0x0000000008009fe8                _svfiprintf_r
 .text._printf_common
                0x000000000800a1e8       0xde /opt/st/stm32cubeide_1.11.0/plugins/com.st.stm32cube.ide.mcu.externaltools.gnu-tools-for-stm32.10.3-2021.10.linux64_1.0.100.202210260954/tools/bin/../lib/gcc/arm-none-eabi/10.3.1/../../../../arm-none-eabi/lib/thumb/v7-m/nofp/libc_nano.a(lib_a-nano-vfprintf_i.o)
                0x000000000800a1e8                _printf_common
 *fill*         0x000000000800a2c6        0x2 
 .text._printf_i
                0x000000000800a2c8      0x24c /opt/st/stm32cubeide_1.11.0/plugins/com.st.stm32cube.ide.mcu.externaltools.gnu-tools-for-stm32.10.3-2021.10.linux64_1.0.100.202210260954/tools/bin/../lib/gcc/arm-none-eabi/10.3.1/../../../../arm-none-eabi/lib/thumb/v7-m/nofp/libc_nano.a(lib_a-nano-vfprintf_i.o)
                0x000000000800a2c8                _printf_i
 .text.memchr   0x000000000800a514       0x1c /opt/st/stm32cubeide_1.11.0/plugins/com.st.stm32cube.ide.mcu.externaltools.gnu-tools-for-stm32.10.3-2021.10.linux64_1.0.100.202210260954/tools/bin/../lib/gcc/arm-none-eabi/10.3.1/../../../../arm-none-eabi/lib/thumb/v7-m/nofp/libc_nano.a(lib_a-memchr-stub.o)
                0x000000000800a514                memchr
 .text.memcpy   0x000000000800a530       0x1c /opt/st/stm32cubeide_1.11.0/plugins/com.st.stm32cube.ide.mcu.externaltools.gnu-tools-for-stm32.10.3-2021.10.linux64_1.0.100.202210260954/tools/bin/../lib/gcc/arm-none-eabi/10.3.1/../../../../arm-none-eabi/lib/thumb/v7-m/nofp/libc_nano.a(lib_a-memcpy-stub.o)
                0x000000000800a530                memcpy
 .text.memmove  0x000000000800a54c       0x34 /opt/st/stm32cubeide_1.11.0/plugins/com.st.stm32cube.ide.mcu.externaltools.gnu-tools-for-stm32.10.3-2021.10.linux64_1.0.100.202210260954/tools/bin/../lib/gcc/arm-none-eabi/10.3.1/../../../../arm-none-eabi/lib/thumb/v7-m/nofp/libc_nano.a(lib_a-memmove.o)
                0x000000000800a54c                memmove
 .text._realloc_r
                0x000000000800a580       0x5e /opt/st/stm32cubeide_1.11.0/plugins/com.st.stm32cube.ide.mcu.externaltools.gnu-tools-for-stm32.10.3-2021.10.linux64_1.0.100.202210260954/tools/bin/../lib/gcc/arm-none-eabi/10.3.1/../../../../arm-none-eabi/lib/thumb/v7-m/nofp/libc_nano.a(lib_a-nano-reallocr.o)
                0x000000000800a580                _realloc_r
 .text._malloc_usable_size_r
                0x000000000800a5de       0x10 /opt/st/stm32cubeide_1.11.0/plugins/com.st.stm32cube.ide.mcu.externaltools.gnu-tools-for-stm32.10.3-2021.10.linux64_1.0.100.202210260954/tools/bin/../lib/gcc/arm-none-eabi/10.3.1/../../../../arm-none-eabi/lib/thumb/v7-m/nofp/libc_nano.a(lib_a-nano-msizer.o)
                0x000000000800a5de                _malloc_usable_size_r
 *(.glue_7)
 .glue_7        0x000000000800a5ee        0x0 linker stubs
 *(.glue_7t)
 .glue_7t       0x000000000800a5ee        0x0 linker stubs
 *(.eh_frame)
 *fill*         0x000000000800a5ee        0x2 
 .eh_frame      0x000000000800a5f0        0x0 /opt/st/stm32cubeide_1.11.0/plugins/com.st.stm32cube.ide.mcu.externaltools.gnu-tools-for-stm32.10.3-2021.10.linux64_1.0.100.202210260954/tools/bin/../lib/gcc/arm-none-eabi/10.3.1/thumb/v7-m/nofp/crtbegin.o
 *(.init)
 .init          0x000000000800a5f0        0x4 /opt/st/stm32cubeide_1.11.0/plugins/com.st.stm32cube.ide.mcu.externaltools.gnu-tools-for-stm32.10.3-2021.10.linux64_1.0.100.202210260954/tools/bin/../lib/gcc/arm-none-eabi/10.3.1/thumb/v7-m/nofp/crti.o
                0x000000000800a5f0                _init
 .init          0x000000000800a5f4        0x8 /opt/st/stm32cubeide_1.11.0/plugins/com.st.stm32cube.ide.mcu.externaltools.gnu-tools-for-stm32.10.3-2021.10.linux64_1.0.100.202210260954/tools/bin/../lib/gcc/arm-none-eabi/10.3.1/thumb/v7-m/nofp/crtn.o
 *(.fini)
 .fini          0x000000000800a5fc        0x4 /opt/st/stm32cubeide_1.11.0/plugins/com.st.stm32cube.ide.mcu.externaltools.gnu-tools-for-stm32.10.3-2021.10.linux64_1.0.100.202210260954/tools/bin/../lib/gcc/arm-none-eabi/10.3.1/thumb/v7-m/nofp/crti.o
                0x000000000800a5fc                _fini
 .fini          0x000000000800a600        0x8 /opt/st/stm32cubeide_1.11.0/plugins/com.st.stm32cube.ide.mcu.externaltools.gnu-tools-for-stm32.10.3-2021.10.linux64_1.0.100.202210260954/tools/bin/../lib/gcc/arm-none-eabi/10.3.1/thumb/v7-m/nofp/crtn.o
                0x000000000800a608                . = ALIGN (0x4)
                0x000000000800a608                _etext = .

.vfp11_veneer   0x000000000800a608        0x0
 .vfp11_veneer  0x000000000800a608        0x0 linker stubs

.v4_bx          0x000000000800a608        0x0
 .v4_bx         0x000000000800a608        0x0 linker stubs

.iplt           0x000000000800a608        0x0
 .iplt          0x000000000800a608        0x0 /opt/st/stm32cubeide_1.11.0/plugins/com.st.stm32cube.ide.mcu.externaltools.gnu-tools-for-stm32.10.3-2021.10.linux64_1.0.100.202210260954/tools/bin/../lib/gcc/arm-none-eabi/10.3.1/thumb/v7-m/nofp/crtbegin.o

.rodata         0x000000000800a608      0x924
                0x000000000800a608                . = ALIGN (0x4)
 *(.rodata)
 .rodata        0x000000000800a608       0x3a ./Core/Src/main.o
 *fill*         0x000000000800a642        0x2 
 .rodata        0x000000000800a644       0x10 ./Drivers/STM32F1xx_HAL_Driver/Src/stm32f1xx_hal_rcc.o
 .rodata        0x000000000800a654       0x2e ./USB_DEVICE/App/usbd_desc.o
 *(.rodata*)
 *fill*         0x000000000800a682        0x2 
 .rodata.AHBPrescTable
                0x000000000800a684       0x10 ./Core/Src/system_stm32f1xx.o
                0x000000000800a684                AHBPrescTable
 .rodata.sinTable_q31
                0x000000000800a694      0x804 /home/rob/STM32Cube/Repository/STM32Cube_FW_F1_V1.8.4/Drivers/CMSIS/Lib/GCC/libarm_cortexM3l_math.a(arm_common_tables.o)
                0x000000000800a694                sinTable_q31
 .rodata.__sf_fake_stderr
                0x000000000800ae98       0x20 /opt/st/stm32cubeide_1.11.0/plugins/com.st.stm32cube.ide.mcu.externaltools.gnu-tools-for-stm32.10.3-2021.10.linux64_1.0.100.202210260954/tools/bin/../lib/gcc/arm-none-eabi/10.3.1/../../../../arm-none-eabi/lib/thumb/v7-m/nofp/libc_nano.a(lib_a-findfp.o)
                0x000000000800ae98                __sf_fake_stderr
 .rodata.__sf_fake_stdin
                0x000000000800aeb8       0x20 /opt/st/stm32cubeide_1.11.0/plugins/com.st.stm32cube.ide.mcu.externaltools.gnu-tools-for-stm32.10.3-2021.10.linux64_1.0.100.202210260954/tools/bin/../lib/gcc/arm-none-eabi/10.3.1/../../../../arm-none-eabi/lib/thumb/v7-m/nofp/libc_nano.a(lib_a-findfp.o)
                0x000000000800aeb8                __sf_fake_stdin
 .rodata.__sf_fake_stdout
                0x000000000800aed8       0x20 /opt/st/stm32cubeide_1.11.0/plugins/com.st.stm32cube.ide.mcu.externaltools.gnu-tools-for-stm32.10.3-2021.10.linux64_1.0.100.202210260954/tools/bin/../lib/gcc/arm-none-eabi/10.3.1/../../../../arm-none-eabi/lib/thumb/v7-m/nofp/libc_nano.a(lib_a-findfp.o)
                0x000000000800aed8                __sf_fake_stdout
 .rodata._svfprintf_r.str1.1
                0x000000000800aef8       0x11 /opt/st/stm32cubeide_1.11.0/plugins/com.st.stm32cube.ide.mcu.externaltools.gnu-tools-for-stm32.10.3-2021.10.linux64_1.0.100.202210260954/tools/bin/../lib/gcc/arm-none-eabi/10.3.1/../../../../arm-none-eabi/lib/thumb/v7-m/nofp/libc_nano.a(lib_a-nano-svfprintf.o)
 .rodata._printf_i.str1.1
                0x000000000800af09       0x22 /opt/st/stm32cubeide_1.11.0/plugins/com.st.stm32cube.ide.mcu.externaltools.gnu-tools-for-stm32.10.3-2021.10.linux64_1.0.100.202210260954/tools/bin/../lib/gcc/arm-none-eabi/10.3.1/../../../../arm-none-eabi/lib/thumb/v7-m/nofp/libc_nano.a(lib_a-nano-vfprintf_i.o)
                0x000000000800af2c                . = ALIGN (0x4)
 *fill*         0x000000000800af2b        0x1 

.rel.dyn        0x000000000800af2c        0x0
 .rel.iplt      0x000000000800af2c        0x0 /opt/st/stm32cubeide_1.11.0/plugins/com.st.stm32cube.ide.mcu.externaltools.gnu-tools-for-stm32.10.3-2021.10.linux64_1.0.100.202210260954/tools/bin/../lib/gcc/arm-none-eabi/10.3.1/thumb/v7-m/nofp/crtbegin.o

.ARM.extab      0x000000000800af2c        0x0
                0x000000000800af2c                . = ALIGN (0x4)
 *(.ARM.extab* .gnu.linkonce.armextab.*)
                0x000000000800af2c                . = ALIGN (0x4)

.ARM            0x000000000800af2c        0x0
                0x000000000800af2c                . = ALIGN (0x4)
                0x000000000800af2c                __exidx_start = .
 *(.ARM.exidx*)
                0x000000000800af2c                __exidx_end = .
                0x000000000800af2c                . = ALIGN (0x4)

.preinit_array  0x000000000800af2c        0x0
                0x000000000800af2c                . = ALIGN (0x4)
                0x000000000800af2c                PROVIDE (__preinit_array_start = .)
 *(.preinit_array*)
                0x000000000800af2c                PROVIDE (__preinit_array_end = .)
                0x000000000800af2c                . = ALIGN (0x4)

.init_array     0x000000000800af2c        0x4
                0x000000000800af2c                . = ALIGN (0x4)
                0x000000000800af2c                PROVIDE (__init_array_start = .)
 *(SORT_BY_NAME(.init_array.*))
 *(.init_array*)
 .init_array    0x000000000800af2c        0x4 /opt/st/stm32cubeide_1.11.0/plugins/com.st.stm32cube.ide.mcu.externaltools.gnu-tools-for-stm32.10.3-2021.10.linux64_1.0.100.202210260954/tools/bin/../lib/gcc/arm-none-eabi/10.3.1/thumb/v7-m/nofp/crtbegin.o
                0x000000000800af30                PROVIDE (__init_array_end = .)
                0x000000000800af30                . = ALIGN (0x4)

.fini_array     0x000000000800af30        0x4
                0x000000000800af30                . = ALIGN (0x4)
                [!provide]                        PROVIDE (__fini_array_start = .)
 *(SORT_BY_NAME(.fini_array.*))
 *(.fini_array*)
 .fini_array    0x000000000800af30        0x4 /opt/st/stm32cubeide_1.11.0/plugins/com.st.stm32cube.ide.mcu.externaltools.gnu-tools-for-stm32.10.3-2021.10.linux64_1.0.100.202210260954/tools/bin/../lib/gcc/arm-none-eabi/10.3.1/thumb/v7-m/nofp/crtbegin.o
                [!provide]                        PROVIDE (__fini_array_end = .)
                0x000000000800af34                . = ALIGN (0x4)
                0x000000000800af34                _sidata = LOADADDR (.data)

.data           0x0000000020000000      0x1e4 load address 0x000000000800af34
                0x0000000020000000                . = ALIGN (0x4)
                0x0000000020000000                _sdata = .
 *(.data)
 *(.data*)
 .data.ticks_prev.4
                0x0000000020000000        0x4 ./Core/Src/main.o
 .data.SystemCoreClock
                0x0000000020000004        0x4 ./Core/Src/system_stm32f1xx.o
                0x0000000020000004                SystemCoreClock
 .data.uwTickPrio
                0x0000000020000008        0x4 ./Drivers/STM32F1xx_HAL_Driver/Src/stm32f1xx_hal.o
                0x0000000020000008                uwTickPrio
 .data.uwTickFreq
                0x000000002000000c        0x1 ./Drivers/STM32F1xx_HAL_Driver/Src/stm32f1xx_hal.o
                0x000000002000000c                uwTickFreq
 *fill*         0x000000002000000d        0x3 
 .data.USBD_CDC_DeviceQualifierDesc
                0x0000000020000010        0xa ./Middlewares/ST/STM32_USB_Device_Library/Class/CDC/Src/usbd_cdc.o
 *fill*         0x000000002000001a        0x2 
 .data.USBD_CDC
                0x000000002000001c       0x38 ./Middlewares/ST/STM32_USB_Device_Library/Class/CDC/Src/usbd_cdc.o
                0x000000002000001c                USBD_CDC
 .data.USBD_CDC_CfgHSDesc
                0x0000000020000054       0x43 ./Middlewares/ST/STM32_USB_Device_Library/Class/CDC/Src/usbd_cdc.o
                0x0000000020000054                USBD_CDC_CfgHSDesc
 *fill*         0x0000000020000097        0x1 
 .data.USBD_CDC_CfgFSDesc
                0x0000000020000098       0x43 ./Middlewares/ST/STM32_USB_Device_Library/Class/CDC/Src/usbd_cdc.o
                0x0000000020000098                USBD_CDC_CfgFSDesc
 *fill*         0x00000000200000db        0x1 
 .data.USBD_CDC_OtherSpeedCfgDesc
                0x00000000200000dc       0x43 ./Middlewares/ST/STM32_USB_Device_Library/Class/CDC/Src/usbd_cdc.o
                0x00000000200000dc                USBD_CDC_OtherSpeedCfgDesc
 *fill*         0x000000002000011f        0x1 
 .data.USBD_Interface_fops_FS
                0x0000000020000120       0x10 ./USB_DEVICE/App/usbd_cdc_if.o
                0x0000000020000120                USBD_Interface_fops_FS
 .data.FS_Desc  0x0000000020000130       0x1c ./USB_DEVICE/App/usbd_desc.o
                0x0000000020000130                FS_Desc
 .data.USBD_FS_DeviceDesc
                0x000000002000014c       0x12 ./USB_DEVICE/App/usbd_desc.o
                0x000000002000014c                USBD_FS_DeviceDesc
 *fill*         0x000000002000015e        0x2 
 .data.USBD_LangIDDesc
                0x0000000020000160        0x4 ./USB_DEVICE/App/usbd_desc.o
                0x0000000020000160                USBD_LangIDDesc
 .data.USBD_StringSerial
                0x0000000020000164       0x1a ./USB_DEVICE/App/usbd_desc.o
                0x0000000020000164                USBD_StringSerial
 *fill*         0x000000002000017e        0x2 
 .data._impure_ptr
                0x0000000020000180        0x4 /opt/st/stm32cubeide_1.11.0/plugins/com.st.stm32cube.ide.mcu.externaltools.gnu-tools-for-stm32.10.3-2021.10.linux64_1.0.100.202210260954/tools/bin/../lib/gcc/arm-none-eabi/10.3.1/../../../../arm-none-eabi/lib/thumb/v7-m/nofp/libc_nano.a(lib_a-impure.o)
                0x0000000020000180                _impure_ptr
 .data.impure_data
                0x0000000020000184       0x60 /opt/st/stm32cubeide_1.11.0/plugins/com.st.stm32cube.ide.mcu.externaltools.gnu-tools-for-stm32.10.3-2021.10.linux64_1.0.100.202210260954/tools/bin/../lib/gcc/arm-none-eabi/10.3.1/../../../../arm-none-eabi/lib/thumb/v7-m/nofp/libc_nano.a(lib_a-impure.o)
 *(.RamFunc)
 *(.RamFunc*)
                0x00000000200001e4                . = ALIGN (0x4)
                0x00000000200001e4                _edata = .

.igot.plt       0x00000000200001e4        0x0 load address 0x000000000800b118
 .igot.plt      0x00000000200001e4        0x0 /opt/st/stm32cubeide_1.11.0/plugins/com.st.stm32cube.ide.mcu.externaltools.gnu-tools-for-stm32.10.3-2021.10.linux64_1.0.100.202210260954/tools/bin/../lib/gcc/arm-none-eabi/10.3.1/thumb/v7-m/nofp/crtbegin.o
                0x00000000200001e4                . = ALIGN (0x4)

.bss            0x00000000200001e4      0xc64 load address 0x000000000800b118
                0x00000000200001e4                _sbss = .
                0x00000000200001e4                __bss_start__ = _sbss
 *(.bss)
 .bss           0x00000000200001e4       0x1c /opt/st/stm32cubeide_1.11.0/plugins/com.st.stm32cube.ide.mcu.externaltools.gnu-tools-for-stm32.10.3-2021.10.linux64_1.0.100.202210260954/tools/bin/../lib/gcc/arm-none-eabi/10.3.1/thumb/v7-m/nofp/crtbegin.o
 *(.bss*)
 .bss.htim1     0x0000000020000200       0x48 ./Core/Src/main.o
                0x0000000020000200                htim1
 .bss.htim3     0x0000000020000248       0x48 ./Core/Src/main.o
                0x0000000020000248                htim3
 .bss.sled      0x0000000020000290       0x10 ./Core/Src/main.o
 .bss.spwm      0x00000000200002a0       0x10 ./Core/Src/main.o
 .bss.a_psc     0x00000000200002b0       0x28 ./Core/Src/main.o
 .bss.bg_tick.5
                0x00000000200002d8        0x4 ./Core/Src/main.o
 .bss.steps.3   0x00000000200002dc        0x4 ./Core/Src/main.o
 .bss.buff.2    0x00000000200002e0       0x1e ./Core/Src/main.o
 .bss.btn_prev.1
                0x00000000200002fe        0x1 ./Core/Src/main.o
 *fill*         0x00000000200002ff        0x1 
 .bss.buff.0    0x0000000020000300       0x1e ./Core/Src/main.o
 *fill*         0x000000002000031e        0x2 
 .bss.motion_ctx
                0x0000000020000320       0x34 ./Core/Src/motion.o
                0x0000000020000320                motion_ctx
 .bss.p_motion_buff
                0x0000000020000354        0x4 ./Core/Src/motion.o
 .bss.result.0  0x0000000020000358        0x4 ./Core/Src/motion.o
 .bss.__sbrk_heap_end
                0x000000002000035c        0x4 ./Core/Src/sysmem.o
 .bss.uwTick    0x0000000020000360        0x4 ./Drivers/STM32F1xx_HAL_Driver/Src/stm32f1xx_hal.o
                0x0000000020000360                uwTick
 .bss.cfgidx.0  0x0000000020000364        0x1 ./Middlewares/ST/STM32_USB_Device_Library/Core/Src/usbd_ctlreq.o
 *fill*         0x0000000020000365        0x3 
 .bss.hUsbDeviceFS
                0x0000000020000368      0x2c4 ./USB_DEVICE/App/usb_device.o
                0x0000000020000368                hUsbDeviceFS
 .bss.UserRxBufferFS
                0x000000002000062c       0x80 ./USB_DEVICE/App/usbd_cdc_if.o
                0x000000002000062c                UserRxBufferFS
 .bss.UserTxBufferFS
                0x00000000200006ac       0x80 ./USB_DEVICE/App/usbd_cdc_if.o
                0x00000000200006ac                UserTxBufferFS
 .bss.USBD_StrDesc
                0x000000002000072c      0x200 ./USB_DEVICE/App/usbd_desc.o
                0x000000002000072c                USBD_StrDesc
 .bss.hpcd_USB_FS
                0x000000002000092c      0x2ec ./USB_DEVICE/Target/usbd_conf.o
                0x000000002000092c                hpcd_USB_FS
 .bss.mem.0     0x0000000020000c18      0x220 ./USB_DEVICE/Target/usbd_conf.o
 .bss.__malloc_free_list
                0x0000000020000e38        0x4 /opt/st/stm32cubeide_1.11.0/plugins/com.st.stm32cube.ide.mcu.externaltools.gnu-tools-for-stm32.10.3-2021.10.linux64_1.0.100.202210260954/tools/bin/../lib/gcc/arm-none-eabi/10.3.1/../../../../arm-none-eabi/lib/thumb/v7-m/nofp/libc_nano.a(lib_a-nano-mallocr.o)
                0x0000000020000e38                __malloc_free_list
 .bss.__malloc_sbrk_start
                0x0000000020000e3c        0x4 /opt/st/stm32cubeide_1.11.0/plugins/com.st.stm32cube.ide.mcu.externaltools.gnu-tools-for-stm32.10.3-2021.10.linux64_1.0.100.202210260954/tools/bin/../lib/gcc/arm-none-eabi/10.3.1/../../../../arm-none-eabi/lib/thumb/v7-m/nofp/libc_nano.a(lib_a-nano-mallocr.o)
                0x0000000020000e3c                __malloc_sbrk_start
 .bss.__lock___malloc_recursive_mutex
                0x0000000020000e40        0x1 /opt/st/stm32cubeide_1.11.0/plugins/com.st.stm32cube.ide.mcu.externaltools.gnu-tools-for-stm32.10.3-2021.10.linux64_1.0.100.202210260954/tools/bin/../lib/gcc/arm-none-eabi/10.3.1/../../../../arm-none-eabi/lib/thumb/v7-m/nofp/libc_nano.a(lib_a-lock.o)
                0x0000000020000e40                __lock___malloc_recursive_mutex
 *fill*         0x0000000020000e41        0x3 
 .bss.errno     0x0000000020000e44        0x4 /opt/st/stm32cubeide_1.11.0/plugins/com.st.stm32cube.ide.mcu.externaltools.gnu-tools-for-stm32.10.3-2021.10.linux64_1.0.100.202210260954/tools/bin/../lib/gcc/arm-none-eabi/10.3.1/../../../../arm-none-eabi/lib/thumb/v7-m/nofp/libc_nano.a(lib_a-reent.o)
                0x0000000020000e44                errno
 *(COMMON)
                0x0000000020000e48                . = ALIGN (0x4)
                0x0000000020000e48                _ebss = .
                0x0000000020000e48                __bss_end__ = _ebss

._user_heap_stack
                0x0000000020000e48      0x600 load address 0x000000000800b118
                0x0000000020000e48                . = ALIGN (0x8)
                [!provide]                        PROVIDE (end = .)
                0x0000000020000e48                PROVIDE (_end = .)
                0x0000000020001048                . = (. + _Min_Heap_Size)
 *fill*         0x0000000020000e48      0x200 
                0x0000000020001448                . = (. + _Min_Stack_Size)
 *fill*         0x0000000020001048      0x400 
                0x0000000020001448                . = ALIGN (0x8)

/DISCARD/
 libc.a(*)
 libm.a(*)
 libgcc.a(*)

.ARM.attributes
                0x0000000000000000       0x29
 *(.ARM.attributes)
 .ARM.attributes
                0x0000000000000000       0x1d /opt/st/stm32cubeide_1.11.0/plugins/com.st.stm32cube.ide.mcu.externaltools.gnu-tools-for-stm32.10.3-2021.10.linux64_1.0.100.202210260954/tools/bin/../lib/gcc/arm-none-eabi/10.3.1/thumb/v7-m/nofp/crti.o
 .ARM.attributes
                0x000000000000001d       0x2d /opt/st/stm32cubeide_1.11.0/plugins/com.st.stm32cube.ide.mcu.externaltools.gnu-tools-for-stm32.10.3-2021.10.linux64_1.0.100.202210260954/tools/bin/../lib/gcc/arm-none-eabi/10.3.1/thumb/v7-m/nofp/crtbegin.o
 .ARM.attributes
                0x000000000000004a       0x2d ./Core/Src/main.o
 .ARM.attributes
                0x0000000000000077       0x2d ./Core/Src/motion.o
 .ARM.attributes
                0x00000000000000a4       0x2d ./Core/Src/stm32f1xx_hal_msp.o
 .ARM.attributes
                0x00000000000000d1       0x2d ./Core/Src/stm32f1xx_it.o
 .ARM.attributes
                0x00000000000000fe       0x2d ./Core/Src/sysmem.o
 .ARM.attributes
                0x000000000000012b       0x2d ./Core/Src/system_stm32f1xx.o
 .ARM.attributes
                0x0000000000000158       0x21 ./Core/Startup/startup_stm32f103rbtx.o
 .ARM.attributes
                0x0000000000000179       0x2d ./Drivers/STM32F1xx_HAL_Driver/Src/stm32f1xx_hal.o
 .ARM.attributes
                0x00000000000001a6       0x2d ./Drivers/STM32F1xx_HAL_Driver/Src/stm32f1xx_hal_cortex.o
 .ARM.attributes
                0x00000000000001d3       0x2d ./Drivers/STM32F1xx_HAL_Driver/Src/stm32f1xx_hal_gpio.o
 .ARM.attributes
                0x0000000000000200       0x2d ./Drivers/STM32F1xx_HAL_Driver/Src/stm32f1xx_hal_pcd.o
 .ARM.attributes
                0x000000000000022d       0x2d ./Drivers/STM32F1xx_HAL_Driver/Src/stm32f1xx_hal_pcd_ex.o
 .ARM.attributes
                0x000000000000025a       0x2d ./Drivers/STM32F1xx_HAL_Driver/Src/stm32f1xx_hal_rcc.o
 .ARM.attributes
                0x0000000000000287       0x2d ./Drivers/STM32F1xx_HAL_Driver/Src/stm32f1xx_hal_rcc_ex.o
 .ARM.attributes
                0x00000000000002b4       0x2d ./Drivers/STM32F1xx_HAL_Driver/Src/stm32f1xx_hal_tim.o
 .ARM.attributes
                0x00000000000002e1       0x2d ./Drivers/STM32F1xx_HAL_Driver/Src/stm32f1xx_hal_tim_ex.o
 .ARM.attributes
                0x000000000000030e       0x2d ./Drivers/STM32F1xx_HAL_Driver/Src/stm32f1xx_ll_usb.o
 .ARM.attributes
                0x000000000000033b       0x2d ./Middlewares/ST/STM32_USB_Device_Library/Class/CDC/Src/usbd_cdc.o
 .ARM.attributes
                0x0000000000000368       0x2d ./Middlewares/ST/STM32_USB_Device_Library/Core/Src/usbd_core.o
 .ARM.attributes
                0x0000000000000395       0x2d ./Middlewares/ST/STM32_USB_Device_Library/Core/Src/usbd_ctlreq.o
 .ARM.attributes
                0x00000000000003c2       0x2d ./Middlewares/ST/STM32_USB_Device_Library/Core/Src/usbd_ioreq.o
 .ARM.attributes
                0x00000000000003ef       0x2d ./USB_DEVICE/App/usb_device.o
 .ARM.attributes
                0x000000000000041c       0x2d ./USB_DEVICE/App/usbd_cdc_if.o
 .ARM.attributes
                0x0000000000000449       0x2d ./USB_DEVICE/App/usbd_desc.o
 .ARM.attributes
                0x0000000000000476       0x2d ./USB_DEVICE/Target/usbd_conf.o
 .ARM.attributes
                0x00000000000004a3       0x33 /home/rob/STM32Cube/Repository/STM32Cube_FW_F1_V1.8.4/Drivers/CMSIS/Lib/GCC/libarm_cortexM3l_math.a(arm_sqrt_q31.o)
 .ARM.attributes
                0x00000000000004d6       0x33 /home/rob/STM32Cube/Repository/STM32Cube_FW_F1_V1.8.4/Drivers/CMSIS/Lib/GCC/libarm_cortexM3l_math.a(arm_cos_q31.o)
 .ARM.attributes
                0x0000000000000509       0x33 /home/rob/STM32Cube/Repository/STM32Cube_FW_F1_V1.8.4/Drivers/CMSIS/Lib/GCC/libarm_cortexM3l_math.a(arm_common_tables.o)
 .ARM.attributes
                0x000000000000053c       0x2d /opt/st/stm32cubeide_1.11.0/plugins/com.st.stm32cube.ide.mcu.externaltools.gnu-tools-for-stm32.10.3-2021.10.linux64_1.0.100.202210260954/tools/bin/../lib/gcc/arm-none-eabi/10.3.1/../../../../arm-none-eabi/lib/thumb/v7-m/nofp/libc_nano.a(lib_a-errno.o)
 .ARM.attributes
                0x0000000000000569       0x2d /opt/st/stm32cubeide_1.11.0/plugins/com.st.stm32cube.ide.mcu.externaltools.gnu-tools-for-stm32.10.3-2021.10.linux64_1.0.100.202210260954/tools/bin/../lib/gcc/arm-none-eabi/10.3.1/../../../../arm-none-eabi/lib/thumb/v7-m/nofp/libc_nano.a(lib_a-impure.o)
 .ARM.attributes
                0x0000000000000596       0x2d /opt/st/stm32cubeide_1.11.0/plugins/com.st.stm32cube.ide.mcu.externaltools.gnu-tools-for-stm32.10.3-2021.10.linux64_1.0.100.202210260954/tools/bin/../lib/gcc/arm-none-eabi/10.3.1/../../../../arm-none-eabi/lib/thumb/v7-m/nofp/libc_nano.a(lib_a-init.o)
 .ARM.attributes
                0x00000000000005c3       0x2d /opt/st/stm32cubeide_1.11.0/plugins/com.st.stm32cube.ide.mcu.externaltools.gnu-tools-for-stm32.10.3-2021.10.linux64_1.0.100.202210260954/tools/bin/../lib/gcc/arm-none-eabi/10.3.1/../../../../arm-none-eabi/lib/thumb/v7-m/nofp/libc_nano.a(lib_a-memset.o)
 .ARM.attributes
                0x00000000000005f0       0x2d /opt/st/stm32cubeide_1.11.0/plugins/com.st.stm32cube.ide.mcu.externaltools.gnu-tools-for-stm32.10.3-2021.10.linux64_1.0.100.202210260954/tools/bin/../lib/gcc/arm-none-eabi/10.3.1/../../../../arm-none-eabi/lib/thumb/v7-m/nofp/libc_nano.a(lib_a-nano-freer.o)
 .ARM.attributes
                0x000000000000061d       0x2d /opt/st/stm32cubeide_1.11.0/plugins/com.st.stm32cube.ide.mcu.externaltools.gnu-tools-for-stm32.10.3-2021.10.linux64_1.0.100.202210260954/tools/bin/../lib/gcc/arm-none-eabi/10.3.1/../../../../arm-none-eabi/lib/thumb/v7-m/nofp/libc_nano.a(lib_a-nano-mallocr.o)
 .ARM.attributes
                0x000000000000064a       0x2d /opt/st/stm32cubeide_1.11.0/plugins/com.st.stm32cube.ide.mcu.externaltools.gnu-tools-for-stm32.10.3-2021.10.linux64_1.0.100.202210260954/tools/bin/../lib/gcc/arm-none-eabi/10.3.1/../../../../arm-none-eabi/lib/thumb/v7-m/nofp/libc_nano.a(lib_a-sbrkr.o)
 .ARM.attributes
                0x0000000000000677       0x2d /opt/st/stm32cubeide_1.11.0/plugins/com.st.stm32cube.ide.mcu.externaltools.gnu-tools-for-stm32.10.3-2021.10.linux64_1.0.100.202210260954/tools/bin/../lib/gcc/arm-none-eabi/10.3.1/../../../../arm-none-eabi/lib/thumb/v7-m/nofp/libc_nano.a(lib_a-sprintf.o)
 .ARM.attributes
                0x00000000000006a4       0x17 /opt/st/stm32cubeide_1.11.0/plugins/com.st.stm32cube.ide.mcu.externaltools.gnu-tools-for-stm32.10.3-2021.10.linux64_1.0.100.202210260954/tools/bin/../lib/gcc/arm-none-eabi/10.3.1/../../../../arm-none-eabi/lib/thumb/v7-m/nofp/libc_nano.a(lib_a-strlen.o)
 .ARM.attributes
                0x00000000000006bb       0x2d /opt/st/stm32cubeide_1.11.0/plugins/com.st.stm32cube.ide.mcu.externaltools.gnu-tools-for-stm32.10.3-2021.10.linux64_1.0.100.202210260954/tools/bin/../lib/gcc/arm-none-eabi/10.3.1/../../../../arm-none-eabi/lib/thumb/v7-m/nofp/libc_nano.a(lib_a-findfp.o)
 .ARM.attributes
                0x00000000000006e8       0x2d /opt/st/stm32cubeide_1.11.0/plugins/com.st.stm32cube.ide.mcu.externaltools.gnu-tools-for-stm32.10.3-2021.10.linux64_1.0.100.202210260954/tools/bin/../lib/gcc/arm-none-eabi/10.3.1/../../../../arm-none-eabi/lib/thumb/v7-m/nofp/libc_nano.a(lib_a-lock.o)
 .ARM.attributes
                0x0000000000000715       0x2d /opt/st/stm32cubeide_1.11.0/plugins/com.st.stm32cube.ide.mcu.externaltools.gnu-tools-for-stm32.10.3-2021.10.linux64_1.0.100.202210260954/tools/bin/../lib/gcc/arm-none-eabi/10.3.1/../../../../arm-none-eabi/lib/thumb/v7-m/nofp/libc_nano.a(lib_a-mlock.o)
 .ARM.attributes
                0x0000000000000742       0x2d /opt/st/stm32cubeide_1.11.0/plugins/com.st.stm32cube.ide.mcu.externaltools.gnu-tools-for-stm32.10.3-2021.10.linux64_1.0.100.202210260954/tools/bin/../lib/gcc/arm-none-eabi/10.3.1/../../../../arm-none-eabi/lib/thumb/v7-m/nofp/libc_nano.a(lib_a-nano-svfprintf.o)
 .ARM.attributes
                0x000000000000076f       0x2d /opt/st/stm32cubeide_1.11.0/plugins/com.st.stm32cube.ide.mcu.externaltools.gnu-tools-for-stm32.10.3-2021.10.linux64_1.0.100.202210260954/tools/bin/../lib/gcc/arm-none-eabi/10.3.1/../../../../arm-none-eabi/lib/thumb/v7-m/nofp/libc_nano.a(lib_a-nano-vfprintf_i.o)
 .ARM.attributes
                0x000000000000079c       0x2d /opt/st/stm32cubeide_1.11.0/plugins/com.st.stm32cube.ide.mcu.externaltools.gnu-tools-for-stm32.10.3-2021.10.linux64_1.0.100.202210260954/tools/bin/../lib/gcc/arm-none-eabi/10.3.1/../../../../arm-none-eabi/lib/thumb/v7-m/nofp/libc_nano.a(lib_a-reent.o)
 .ARM.attributes
                0x00000000000007c9       0x2d /opt/st/stm32cubeide_1.11.0/plugins/com.st.stm32cube.ide.mcu.externaltools.gnu-tools-for-stm32.10.3-2021.10.linux64_1.0.100.202210260954/tools/bin/../lib/gcc/arm-none-eabi/10.3.1/../../../../arm-none-eabi/lib/thumb/v7-m/nofp/libc_nano.a(lib_a-memchr-stub.o)
 .ARM.attributes
                0x00000000000007f6       0x2d /opt/st/stm32cubeide_1.11.0/plugins/com.st.stm32cube.ide.mcu.externaltools.gnu-tools-for-stm32.10.3-2021.10.linux64_1.0.100.202210260954/tools/bin/../lib/gcc/arm-none-eabi/10.3.1/../../../../arm-none-eabi/lib/thumb/v7-m/nofp/libc_nano.a(lib_a-memcpy-stub.o)
 .ARM.attributes
                0x0000000000000823       0x2d /opt/st/stm32cubeide_1.11.0/plugins/com.st.stm32cube.ide.mcu.externaltools.gnu-tools-for-stm32.10.3-2021.10.linux64_1.0.100.202210260954/tools/bin/../lib/gcc/arm-none-eabi/10.3.1/../../../../arm-none-eabi/lib/thumb/v7-m/nofp/libc_nano.a(lib_a-memmove.o)
 .ARM.attributes
                0x0000000000000850       0x2d /opt/st/stm32cubeide_1.11.0/plugins/com.st.stm32cube.ide.mcu.externaltools.gnu-tools-for-stm32.10.3-2021.10.linux64_1.0.100.202210260954/tools/bin/../lib/gcc/arm-none-eabi/10.3.1/../../../../arm-none-eabi/lib/thumb/v7-m/nofp/libc_nano.a(lib_a-nano-reallocr.o)
 .ARM.attributes
                0x000000000000087d       0x2d /opt/st/stm32cubeide_1.11.0/plugins/com.st.stm32cube.ide.mcu.externaltools.gnu-tools-for-stm32.10.3-2021.10.linux64_1.0.100.202210260954/tools/bin/../lib/gcc/arm-none-eabi/10.3.1/../../../../arm-none-eabi/lib/thumb/v7-m/nofp/libc_nano.a(lib_a-nano-msizer.o)
 .ARM.attributes
                0x00000000000008aa       0x1d /opt/st/stm32cubeide_1.11.0/plugins/com.st.stm32cube.ide.mcu.externaltools.gnu-tools-for-stm32.10.3-2021.10.linux64_1.0.100.202210260954/tools/bin/../lib/gcc/arm-none-eabi/10.3.1/thumb/v7-m/nofp/libgcc.a(_arm_addsubsf3.o)
 .ARM.attributes
                0x00000000000008c7       0x1d /opt/st/stm32cubeide_1.11.0/plugins/com.st.stm32cube.ide.mcu.externaltools.gnu-tools-for-stm32.10.3-2021.10.linux64_1.0.100.202210260954/tools/bin/../lib/gcc/arm-none-eabi/10.3.1/thumb/v7-m/nofp/libgcc.a(_arm_muldivsf3.o)
 .ARM.attributes
                0x00000000000008e4       0x1d /opt/st/stm32cubeide_1.11.0/plugins/com.st.stm32cube.ide.mcu.externaltools.gnu-tools-for-stm32.10.3-2021.10.linux64_1.0.100.202210260954/tools/bin/../lib/gcc/arm-none-eabi/10.3.1/thumb/v7-m/nofp/libgcc.a(_arm_fixsfsi.o)
 .ARM.attributes
                0x0000000000000901       0x1d /opt/st/stm32cubeide_1.11.0/plugins/com.st.stm32cube.ide.mcu.externaltools.gnu-tools-for-stm32.10.3-2021.10.linux64_1.0.100.202210260954/tools/bin/../lib/gcc/arm-none-eabi/10.3.1/thumb/v7-m/nofp/crtn.o
OUTPUT(timer_test.elf elf32-littlearm)
LOAD linker stubs
LOAD /opt/st/stm32cubeide_1.11.0/plugins/com.st.stm32cube.ide.mcu.externaltools.gnu-tools-for-stm32.10.3-2021.10.linux64_1.0.100.202210260954/tools/bin/../lib/gcc/arm-none-eabi/10.3.1/../../../../arm-none-eabi/lib/thumb/v7-m/nofp/libc.a
LOAD /opt/st/stm32cubeide_1.11.0/plugins/com.st.stm32cube.ide.mcu.externaltools.gnu-tools-for-stm32.10.3-2021.10.linux64_1.0.100.202210260954/tools/bin/../lib/gcc/arm-none-eabi/10.3.1/../../../../arm-none-eabi/lib/thumb/v7-m/nofp/libm.a
LOAD /opt/st/stm32cubeide_1.11.0/plugins/com.st.stm32cube.ide.mcu.externaltools.gnu-tools-for-stm32.10.3-2021.10.linux64_1.0.100.202210260954/tools/bin/../lib/gcc/arm-none-eabi/10.3.1/thumb/v7-m/nofp/libgcc.a

.debug_info     0x0000000000000000    0x13c27
 .debug_info    0x0000000000000000     0x14da ./Core/Src/main.o
 .debug_info    0x00000000000014da      0xb9c ./Core/Src/motion.o
 .debug_info    0x0000000000002076      0xb32 ./Core/Src/stm32f1xx_hal_msp.o
 .debug_info    0x0000000000002ba8      0xc01 ./Core/Src/stm32f1xx_it.o
 .debug_info    0x00000000000037a9      0x171 ./Core/Src/sysmem.o
 .debug_info    0x000000000000391a      0x23d ./Core/Src/system_stm32f1xx.o
 .debug_info    0x0000000000003b57       0x22 ./Core/Startup/startup_stm32f103rbtx.o
 .debug_info    0x0000000000003b79      0x734 ./Drivers/STM32F1xx_HAL_Driver/Src/stm32f1xx_hal.o
 .debug_info    0x00000000000042ad      0xb20 ./Drivers/STM32F1xx_HAL_Driver/Src/stm32f1xx_hal_cortex.o
 .debug_info    0x0000000000004dcd      0x615 ./Drivers/STM32F1xx_HAL_Driver/Src/stm32f1xx_hal_gpio.o
 .debug_info    0x00000000000053e2     0x16ab ./Drivers/STM32F1xx_HAL_Driver/Src/stm32f1xx_hal_pcd.o
 .debug_info    0x0000000000006a8d      0x728 ./Drivers/STM32F1xx_HAL_Driver/Src/stm32f1xx_hal_pcd_ex.o
 .debug_info    0x00000000000071b5      0x860 ./Drivers/STM32F1xx_HAL_Driver/Src/stm32f1xx_hal_rcc.o
 .debug_info    0x0000000000007a15      0x3e0 ./Drivers/STM32F1xx_HAL_Driver/Src/stm32f1xx_hal_rcc_ex.o
 .debug_info    0x0000000000007df5     0x29de ./Drivers/STM32F1xx_HAL_Driver/Src/stm32f1xx_hal_tim.o
 .debug_info    0x000000000000a7d3     0x1513 ./Drivers/STM32F1xx_HAL_Driver/Src/stm32f1xx_hal_tim_ex.o
 .debug_info    0x000000000000bce6     0x190d ./Drivers/STM32F1xx_HAL_Driver/Src/stm32f1xx_ll_usb.o
 .debug_info    0x000000000000d5f3     0x10f1 ./Middlewares/ST/STM32_USB_Device_Library/Class/CDC/Src/usbd_cdc.o
 .debug_info    0x000000000000e6e4      0xb02 ./Middlewares/ST/STM32_USB_Device_Library/Core/Src/usbd_core.o
 .debug_info    0x000000000000f1e6      0x9b6 ./Middlewares/ST/STM32_USB_Device_Library/Core/Src/usbd_ctlreq.o
 .debug_info    0x000000000000fb9c      0x715 ./Middlewares/ST/STM32_USB_Device_Library/Core/Src/usbd_ioreq.o
 .debug_info    0x00000000000102b1      0x679 ./USB_DEVICE/App/usb_device.o
 .debug_info    0x000000000001092a      0x827 ./USB_DEVICE/App/usbd_cdc_if.o
 .debug_info    0x0000000000011151      0x484 ./USB_DEVICE/App/usbd_desc.o
 .debug_info    0x00000000000115d5     0x1935 ./USB_DEVICE/Target/usbd_conf.o
 .debug_info    0x0000000000012f0a      0x1f0 /home/rob/STM32Cube/Repository/STM32Cube_FW_F1_V1.8.4/Drivers/CMSIS/Lib/GCC/libarm_cortexM3l_math.a(arm_sqrt_q31.o)
 .debug_info    0x00000000000130fa      0x17c /home/rob/STM32Cube/Repository/STM32Cube_FW_F1_V1.8.4/Drivers/CMSIS/Lib/GCC/libarm_cortexM3l_math.a(arm_cos_q31.o)
 .debug_info    0x0000000000013276      0x9b1 /home/rob/STM32Cube/Repository/STM32Cube_FW_F1_V1.8.4/Drivers/CMSIS/Lib/GCC/libarm_cortexM3l_math.a(arm_common_tables.o)

.debug_abbrev   0x0000000000000000     0x351e
 .debug_abbrev  0x0000000000000000      0x359 ./Core/Src/main.o
 .debug_abbrev  0x0000000000000359      0x2d0 ./Core/Src/motion.o
 .debug_abbrev  0x0000000000000629      0x1c5 ./Core/Src/stm32f1xx_hal_msp.o
 .debug_abbrev  0x00000000000007ee      0x1b5 ./Core/Src/stm32f1xx_it.o
 .debug_abbrev  0x00000000000009a3       0xbb ./Core/Src/sysmem.o
 .debug_abbrev  0x0000000000000a5e      0x13b ./Core/Src/system_stm32f1xx.o
 .debug_abbrev  0x0000000000000b99       0x12 ./Core/Startup/startup_stm32f103rbtx.o
 .debug_abbrev  0x0000000000000bab      0x1fb ./Drivers/STM32F1xx_HAL_Driver/Src/stm32f1xx_hal.o
 .debug_abbrev  0x0000000000000da6      0x2ed ./Drivers/STM32F1xx_HAL_Driver/Src/stm32f1xx_hal_cortex.o
 .debug_abbrev  0x0000000000001093      0x1bb ./Drivers/STM32F1xx_HAL_Driver/Src/stm32f1xx_hal_gpio.o
 .debug_abbrev  0x000000000000124e      0x2b9 ./Drivers/STM32F1xx_HAL_Driver/Src/stm32f1xx_hal_pcd.o
 .debug_abbrev  0x0000000000001507      0x17f ./Drivers/STM32F1xx_HAL_Driver/Src/stm32f1xx_hal_pcd_ex.o
 .debug_abbrev  0x0000000000001686      0x2a8 ./Drivers/STM32F1xx_HAL_Driver/Src/stm32f1xx_hal_rcc.o
 .debug_abbrev  0x000000000000192e      0x182 ./Drivers/STM32F1xx_HAL_Driver/Src/stm32f1xx_hal_rcc_ex.o
 .debug_abbrev  0x0000000000001ab0      0x25d ./Drivers/STM32F1xx_HAL_Driver/Src/stm32f1xx_hal_tim.o
 .debug_abbrev  0x0000000000001d0d      0x265 ./Drivers/STM32F1xx_HAL_Driver/Src/stm32f1xx_hal_tim_ex.o
 .debug_abbrev  0x0000000000001f72      0x1cd ./Drivers/STM32F1xx_HAL_Driver/Src/stm32f1xx_ll_usb.o
 .debug_abbrev  0x000000000000213f      0x2c0 ./Middlewares/ST/STM32_USB_Device_Library/Class/CDC/Src/usbd_cdc.o
 .debug_abbrev  0x00000000000023ff      0x236 ./Middlewares/ST/STM32_USB_Device_Library/Core/Src/usbd_core.o
 .debug_abbrev  0x0000000000002635      0x257 ./Middlewares/ST/STM32_USB_Device_Library/Core/Src/usbd_ctlreq.o
 .debug_abbrev  0x000000000000288c      0x183 ./Middlewares/ST/STM32_USB_Device_Library/Core/Src/usbd_ioreq.o
 .debug_abbrev  0x0000000000002a0f      0x183 ./USB_DEVICE/App/usb_device.o
 .debug_abbrev  0x0000000000002b92      0x249 ./USB_DEVICE/App/usbd_cdc_if.o
 .debug_abbrev  0x0000000000002ddb      0x1fa ./USB_DEVICE/App/usbd_desc.o
 .debug_abbrev  0x0000000000002fd5      0x305 ./USB_DEVICE/Target/usbd_conf.o
 .debug_abbrev  0x00000000000032da       0xde /home/rob/STM32Cube/Repository/STM32Cube_FW_F1_V1.8.4/Drivers/CMSIS/Lib/GCC/libarm_cortexM3l_math.a(arm_sqrt_q31.o)
 .debug_abbrev  0x00000000000033b8       0xe2 /home/rob/STM32Cube/Repository/STM32Cube_FW_F1_V1.8.4/Drivers/CMSIS/Lib/GCC/libarm_cortexM3l_math.a(arm_cos_q31.o)
 .debug_abbrev  0x000000000000349a       0x84 /home/rob/STM32Cube/Repository/STM32Cube_FW_F1_V1.8.4/Drivers/CMSIS/Lib/GCC/libarm_cortexM3l_math.a(arm_common_tables.o)

.debug_aranges  0x0000000000000000     0x10b8
 .debug_aranges
                0x0000000000000000       0x78 ./Core/Src/main.o
 .debug_aranges
                0x0000000000000078       0x40 ./Core/Src/motion.o
 .debug_aranges
                0x00000000000000b8       0x38 ./Core/Src/stm32f1xx_hal_msp.o
 .debug_aranges
                0x00000000000000f0       0x78 ./Core/Src/stm32f1xx_it.o
 .debug_aranges
                0x0000000000000168       0x20 ./Core/Src/sysmem.o
 .debug_aranges
                0x0000000000000188       0x28 ./Core/Src/system_stm32f1xx.o
 .debug_aranges
                0x00000000000001b0       0x28 ./Core/Startup/startup_stm32f103rbtx.o
 .debug_aranges
                0x00000000000001d8       0xe0 ./Drivers/STM32F1xx_HAL_Driver/Src/stm32f1xx_hal.o
 .debug_aranges
                0x00000000000002b8      0x100 ./Drivers/STM32F1xx_HAL_Driver/Src/stm32f1xx_hal_cortex.o
 .debug_aranges
                0x00000000000003b8       0x58 ./Drivers/STM32F1xx_HAL_Driver/Src/stm32f1xx_hal_gpio.o
 .debug_aranges
                0x0000000000000410      0x138 ./Drivers/STM32F1xx_HAL_Driver/Src/stm32f1xx_hal_pcd.o
 .debug_aranges
                0x0000000000000548       0x38 ./Drivers/STM32F1xx_HAL_Driver/Src/stm32f1xx_hal_pcd_ex.o
 .debug_aranges
                0x0000000000000580       0x90 ./Drivers/STM32F1xx_HAL_Driver/Src/stm32f1xx_hal_rcc.o
 .debug_aranges
                0x0000000000000610       0x30 ./Drivers/STM32F1xx_HAL_Driver/Src/stm32f1xx_hal_rcc_ex.o
 .debug_aranges
                0x0000000000000640      0x3d0 ./Drivers/STM32F1xx_HAL_Driver/Src/stm32f1xx_hal_tim.o
 .debug_aranges
                0x0000000000000a10      0x168 ./Drivers/STM32F1xx_HAL_Driver/Src/stm32f1xx_hal_tim_ex.o
 .debug_aranges
                0x0000000000000b78       0xf0 ./Drivers/STM32F1xx_HAL_Driver/Src/stm32f1xx_ll_usb.o
 .debug_aranges
                0x0000000000000c68       0x90 ./Middlewares/ST/STM32_USB_Device_Library/Class/CDC/Src/usbd_cdc.o
 .debug_aranges
                0x0000000000000cf8       0xb8 ./Middlewares/ST/STM32_USB_Device_Library/Core/Src/usbd_core.o
 .debug_aranges
                0x0000000000000db0       0x88 ./Middlewares/ST/STM32_USB_Device_Library/Core/Src/usbd_ctlreq.o
 .debug_aranges
                0x0000000000000e38       0x50 ./Middlewares/ST/STM32_USB_Device_Library/Core/Src/usbd_ioreq.o
 .debug_aranges
                0x0000000000000e88       0x20 ./USB_DEVICE/App/usb_device.o
 .debug_aranges
                0x0000000000000ea8       0x40 ./USB_DEVICE/App/usbd_cdc_if.o
 .debug_aranges
                0x0000000000000ee8       0x60 ./USB_DEVICE/App/usbd_desc.o
 .debug_aranges
                0x0000000000000f48      0x118 ./USB_DEVICE/Target/usbd_conf.o
 .debug_aranges
                0x0000000000001060       0x20 /home/rob/STM32Cube/Repository/STM32Cube_FW_F1_V1.8.4/Drivers/CMSIS/Lib/GCC/libarm_cortexM3l_math.a(arm_sqrt_q31.o)
 .debug_aranges
                0x0000000000001080       0x20 /home/rob/STM32Cube/Repository/STM32Cube_FW_F1_V1.8.4/Drivers/CMSIS/Lib/GCC/libarm_cortexM3l_math.a(arm_cos_q31.o)
 .debug_aranges
                0x00000000000010a0       0x18 /home/rob/STM32Cube/Repository/STM32Cube_FW_F1_V1.8.4/Drivers/CMSIS/Lib/GCC/libarm_cortexM3l_math.a(arm_common_tables.o)

.debug_ranges   0x0000000000000000      0xf58
 .debug_ranges  0x0000000000000000       0x80 ./Core/Src/main.o
 .debug_ranges  0x0000000000000080       0x78 ./Core/Src/motion.o
 .debug_ranges  0x00000000000000f8       0x28 ./Core/Src/stm32f1xx_hal_msp.o
 .debug_ranges  0x0000000000000120       0x68 ./Core/Src/stm32f1xx_it.o
 .debug_ranges  0x0000000000000188       0x10 ./Core/Src/sysmem.o
 .debug_ranges  0x0000000000000198       0x18 ./Core/Src/system_stm32f1xx.o
 .debug_ranges  0x00000000000001b0       0x20 ./Core/Startup/startup_stm32f103rbtx.o
 .debug_ranges  0x00000000000001d0       0xd0 ./Drivers/STM32F1xx_HAL_Driver/Src/stm32f1xx_hal.o